Archive member included to satisfy reference by file (symbol)

C:/Program Files/Rowley Associates Limited/CrossWorks for ARM 4.0/lib/libm_v6m_t_le_eabi.a(libm_asm.o)
                              SwarmBots THUMB Release/functions.o (__aeabi_i2f)
C:/Program Files/Rowley Associates Limited/CrossWorks for ARM 4.0/lib/libm_v6m_t_le_eabi.a(libm2.o)
                              SwarmBots THUMB Release/sensors.o (atan2f)
C:/Program Files/Rowley Associates Limited/CrossWorks for ARM 4.0/lib/libm_v6m_t_le_eabi.a(libm2_asm.o)
                              SwarmBots THUMB Release/position_control.o (fabs)
C:/Program Files/Rowley Associates Limited/CrossWorks for ARM 4.0/lib/libc_v6m_t_le_eabi.a(libc_asm.o)
                              SwarmBots THUMB Release/sensors.o (__aeabi_uldivmod)
C:/Program Files/Rowley Associates Limited/CrossWorks for ARM 4.0/lib/libc_v6m_t_le_eabi.a(libc2.o)
                              SwarmBots THUMB Release/position_control.o (abs)
C:/Program Files/Rowley Associates Limited/CrossWorks for ARM 4.0/lib/libc_v6m_t_le_eabi.a(libc2_asm.o)
                              SwarmBots THUMB Release/radio.o (memcpy)
C:/Program Files/Rowley Associates Limited/CrossWorks for ARM 4.0/lib/libdebugio_v6m_t_le_eabi.a(libdebugio.o)
                              SwarmBots THUMB Release/thumb_crt0.o (debug_fopen)
C:/Program Files/Rowley Associates Limited/CrossWorks for ARM 4.0/lib/libdebugio_mempoll_v6m_t_le_eabi.a(mempoll_debug_operations.o)
                              C:/Program Files/Rowley Associates Limited/CrossWorks for ARM 4.0/lib/libdebugio_v6m_t_le_eabi.a(libdebugio.o) (__do_debug_operation)
C:/Program Files/Rowley Associates Limited/CrossWorks for ARM 4.0/lib/libdebugio_mempoll_v6m_t_le_eabi.a(do_nv_debug_operation.o)
                              C:/Program Files/Rowley Associates Limited/CrossWorks for ARM 4.0/lib/libdebugio_v6m_t_le_eabi.a(libdebugio.o) (__do_nvdebug_operation)

Discarded input sections

 .text          0x0000000000000000        0x0 SwarmBots THUMB Release/stm32f0xx_it.o
 .data          0x0000000000000000        0x0 SwarmBots THUMB Release/stm32f0xx_it.o
 .bss           0x0000000000000000        0x0 SwarmBots THUMB Release/stm32f0xx_it.o
 .text          0x0000000000000000        0x0 SwarmBots THUMB Release/main.o
 .data          0x0000000000000000        0x0 SwarmBots THUMB Release/main.o
 .bss           0x0000000000000000        0x0 SwarmBots THUMB Release/main.o
 .text          0x0000000000000000        0x0 SwarmBots THUMB Release/stm32f0xx_hal_msp.o
 .data          0x0000000000000000        0x0 SwarmBots THUMB Release/stm32f0xx_hal_msp.o
 .bss           0x0000000000000000        0x0 SwarmBots THUMB Release/stm32f0xx_hal_msp.o
 .text.HAL_I2C_MspDeInit
                0x0000000000000000       0x5c SwarmBots THUMB Release/stm32f0xx_hal_msp.o
 .text.HAL_SPI_MspDeInit
                0x0000000000000000       0x6c SwarmBots THUMB Release/stm32f0xx_hal_msp.o
 .bss.hdma_rx.6669
                0x0000000000000000       0x44 SwarmBots THUMB Release/stm32f0xx_hal_msp.o
 .bss.hdma_tx.6668
                0x0000000000000000       0x44 SwarmBots THUMB Release/stm32f0xx_hal_msp.o
 .text          0x0000000000000000        0x0 SwarmBots THUMB Release/utilities.o
 .data          0x0000000000000000        0x0 SwarmBots THUMB Release/utilities.o
 .bss           0x0000000000000000        0x0 SwarmBots THUMB Release/utilities.o
 .text.SPIFlushRxFifo
                0x0000000000000000       0x14 SwarmBots THUMB Release/utilities.o
 .text.I2CWriteBit
                0x0000000000000000       0x56 SwarmBots THUMB Release/utilities.o
 .text.HAL_I2C_MemTxCpltCallback
                0x0000000000000000        0x2 SwarmBots THUMB Release/utilities.o
 .text.HAL_I2C_MemRxCpltCallback
                0x0000000000000000        0x2 SwarmBots THUMB Release/utilities.o
 .text.HAL_I2C_ErrorCallback
                0x0000000000000000        0x2 SwarmBots THUMB Release/utilities.o
 .text          0x0000000000000000        0x0 SwarmBots THUMB Release/qt1070.o
 .data          0x0000000000000000        0x0 SwarmBots THUMB Release/qt1070.o
 .bss           0x0000000000000000        0x0 SwarmBots THUMB Release/qt1070.o
 .text.readSetupBlock
                0x0000000000000000        0x4 SwarmBots THUMB Release/qt1070.o
 .text.readQTKeyStatus
                0x0000000000000000       0x18 SwarmBots THUMB Release/qt1070.o
 .text.readKeySignal
                0x0000000000000000       0x24 SwarmBots THUMB Release/qt1070.o
 .text          0x0000000000000000        0x0 SwarmBots THUMB Release/functions.o
 .data          0x0000000000000000        0x0 SwarmBots THUMB Release/functions.o
 .bss           0x0000000000000000        0x0 SwarmBots THUMB Release/functions.o
 .text.sleep    0x0000000000000000        0x8 SwarmBots THUMB Release/functions.o
 .text.checkTouch
                0x0000000000000000       0x34 SwarmBots THUMB Release/functions.o
 .bss.targetAngle
[...]
Memory Configuration

Name             Origin             Length             Attributes
UNPLACED_SECTIONS 0x0000000100000000 0x0000000000000000 xw
FLASH            0x0000000008000000 0x0000000000010000 xr
SYSTEM           0x000000001fffec00 0x0000000000000c00 xw
OPTION           0x000000001ffff800 0x0000000000000400 xw
RAM              0x0000000020000000 0x0000000000002000 xw
APB1             0x0000000040000000 0x0000000000008000 xw
APB2             0x0000000040010000 0x0000000000008000 xw
AHB1             0x0000000040020000 0x0000000000004400 xw
AHB2             0x0000000048000000 0x0000000000001800 xw
PPB              0x00000000e0000000 0x0000000000100000 xw
*default*        0x0000000000000000 0xffffffffffffffff

Linker script and memory map

                0x0000000000000000                __vfprintf = __vfprintf_float_long_long
                0x0000000000000000                __vfscanf = __vfscanf_float_long_long_cc
                0x0000000008000000                __FLASH_segment_start__ = 0x8000000
                0x0000000008010000                __FLASH_segment_end__ = 0x8010000
                0x0000000000010000                __FLASH_segment_size__ = 0x10000
                0x000000001fffec00                __SYSTEM_segment_start__ = 0x1fffec00
                0x000000001ffff800                __SYSTEM_segment_end__ = 0x1ffff800
                0x0000000000000c00                __SYSTEM_segment_size__ = 0xc00
                0x000000001ffff800                __OPTION_segment_start__ = 0x1ffff800
                0x000000001ffffc00                __OPTION_segment_end__ = 0x1ffffc00
                0x0000000000000400                __OPTION_segment_size__ = 0x400
                0x0000000020000000                __RAM_segment_start__ = 0x20000000
                0x0000000020002000                __RAM_segment_end__ = 0x20002000
                0x0000000000002000                __RAM_segment_size__ = 0x2000
                0x0000000040000000                __APB1_segment_start__ = 0x40000000
                0x0000000040008000                __APB1_segment_end__ = 0x40008000
                0x0000000000008000                __APB1_segment_size__ = 0x8000
                0x0000000040010000                __APB2_segment_start__ = 0x40010000
                0x0000000040018000                __APB2_segment_end__ = 0x40018000
                0x0000000000008000                __APB2_segment_size__ = 0x8000
                0x0000000040020000                __AHB1_segment_start__ = 0x40020000
                0x0000000040024400                __AHB1_segment_end__ = 0x40024400
                0x0000000000004400                __AHB1_segment_size__ = 0x4400
                0x0000000048000000                __AHB2_segment_start__ = 0x48000000
                0x0000000048001800                __AHB2_segment_end__ = 0x48001800
                0x0000000000001800                __AHB2_segment_size__ = 0x1800
                0x00000000e0000000                __PPB_segment_start__ = 0xe0000000
                0x00000000e0100000                __PPB_segment_end__ = 0xe0100000
                0x0000000000100000                __PPB_segment_size__ = 0x100000
                0x0000000000000200                __HEAPSIZE__ = 0x200
                0x0000000000000000                __STACKSIZE_ABT__ = 0x0
                0x0000000000000000                __STACKSIZE_FIQ__ = 0x0
                0x0000000000000000                __STACKSIZE_IRQ__ = 0x0
                0x0000000000000000                __STACKSIZE_PROCESS__ = 0x0
                0x0000000000000000                __STACKSIZE_SVC__ = 0x0
                0x0000000000000000                __STACKSIZE_UND__ = 0x0
                0x0000000000000400                __STACKSIZE__ = 0x400
                0x0000000020000000                __vectors_ram_load_start__ = ALIGN (__RAM_segment_start__, 0x100)

.vectors_ram    0x0000000020000000        0x0
                0x0000000020000000                __vectors_ram_start__ = .
 *(.vectors_ram .vectors_ram.*)
                0x0000000020000000                __vectors_ram_end__ = (__vectors_ram_start__ + SIZEOF (.vectors_ram))
                0x0000000000000000                __vectors_ram_size__ = SIZEOF (.vectors_ram)
                0x0000000020000000                __vectors_ram_load_end__ = __vectors_ram_end__
                0x0000000000000001                . = ASSERT (((__vectors_ram_start__ == __vectors_ram_end__) || ((__vectors_ram_end__ >= __RAM_segment_start__) && (__vectors_ram_end__ <= __RAM_segment_end__))), error: .vectors_ram is too large to fit in RAM memory segment)
                0x0000000008000000                __vectors_load_start__ = ALIGN (__FLASH_segment_start__, 0x100)

.vectors        0x0000000008000000       0xbc
                0x0000000008000000                __vectors_start__ = .
 *(.vectors .vectors.*)
 .vectors       0x0000000008000000       0xbc SwarmBots THUMB Release/STM32_Startup.o
                0x0000000008000000                _vectors
                0x00000000080000bc                __vectors_end__ = (__vectors_start__ + SIZEOF (.vectors))
                0x00000000000000bc                __vectors_size__ = SIZEOF (.vectors)
                0x00000000080000bc                __vectors_load_end__ = __vectors_end__
                0x0000000000000001                . = ASSERT (((__vectors_start__ == __vectors_end__) || ((__vectors_end__ >= __FLASH_segment_start__) && (__vectors_end__ <= __FLASH_segment_end__))), error: .vectors is too large to fit in FLASH memory segment)
                0x00000000080000bc                __init_load_start__ = ALIGN (__vectors_end__, 0x4)

.init           0x00000000080000bc      0x1b4
                0x00000000080000bc                __init_start__ = .
 *(.init .init.*)
 .init          0x00000000080000bc      0x158 SwarmBots THUMB Release/thumb_crt0.o
                0x00000000080000bc                _start
                0x000000000800016e                exit
 .init          0x0000000008000214       0x5c SwarmBots THUMB Release/STM32_Startup.o
                0x0000000008000218                MemManage_Handler
                0x000000000800021a                BusFault_Handler
                0x000000000800021c                UsageFault_Handler
                0x0000000008000220                DebugMon_Handler
                0x0000000008000226                WWDG_IRQHandler
                0x0000000008000228                PVD_IRQHandler
                0x000000000800022a                RTC_IRQHandler
                0x000000000800022c                FLASH_IRQHandler
                0x000000000800022e                RCC_IRQHandler
                0x0000000008000236                TSC_IRQHandler
                0x000000000800023e                ADC1_COMP_IRQHandler
                0x0000000008000240                TIM1_BRK_UP_TRG_COM_IRQHandler
                0x0000000008000242                TIM1_CC_IRQHandler
                0x0000000008000244                TIM2_IRQHandler
                0x0000000008000248                TIM6_DAC_IRQHandler
                0x000000000800024a                TIM14_IRQHandler
                0x000000000800024c                TIM15_IRQHandler
                0x000000000800024e                TIM16_IRQHandler
                0x0000000008000250                TIM17_IRQHandler
                0x0000000008000252                I2C1_IRQHandler
                0x0000000008000254                I2C2_IRQHandler
                0x0000000008000256                SPI1_IRQHandler
                0x0000000008000258                SPI2_IRQHandler
                0x000000000800025a                USART1_IRQHandler
                0x000000000800025c                USART2_IRQHandler
                0x000000000800025e                CEC_CAN_IRQHandler
                0x0000000008000260                reset_handler
                0x0000000008000270                __init_end__ = (__init_start__ + SIZEOF (.init))
                0x00000000000001b4                __init_size__ = SIZEOF (.init)
                0x0000000008000270                __init_load_end__ = __init_end__
                0x0000000000000001                . = ASSERT (((__init_start__ == __init_end__) || ((__init_end__ >= __FLASH_segment_start__) && (__init_end__ <= __FLASH_segment_end__))), error: .init is too large to fit in FLASH memory segment)
                0x0000000008000270                __init_rodata_load_start__ = ALIGN (__init_end__, 0x4)

.init_rodata    0x0000000008000270        0x0
                0x0000000008000270                __init_rodata_start__ = .
 *(.init_rodata .init_rodata.*)
                0x0000000008000270                __init_rodata_end__ = (__init_rodata_start__ + SIZEOF (.init_rodata))
                0x0000000000000000                __init_rodata_size__ = SIZEOF (.init_rodata)
                0x0000000008000270                __init_rodata_load_end__ = __init_rodata_end__
                0x0000000000000001                . = ASSERT (((__init_rodata_start__ == __init_rodata_end__) || ((__init_rodata_end__ >= __FLASH_segment_start__) && (__init_rodata_end__ <= __FLASH_segment_end__))), error: .init_rodata is too large to fit in FLASH memory segment)
                0x0000000008000270                __text_load_start__ = ALIGN (__init_rodata_end__, 0x4)

.text           0x0000000008000270     0x67d4
                0x0000000008000270                __text_start__ = .
 *(.text .text.* .glue_7t .glue_7 .gnu.linkonce.t.* .gcc_except_table .ARM.extab* .gnu.linkonce.armextab.*)
 .glue_7        0x0000000008000270        0x0 linker stubs
 .glue_7t       0x0000000008000270        0x0 linker stubs
 .text.NMI_Handler
                0x0000000008000270        0x2 SwarmBots THUMB Release/stm32f0xx_it.o
                0x0000000008000270                NMI_Handler
 *fill*         0x0000000008000272        0x2 
 .text.HardFault_Handler
                0x0000000008000274       0x38 SwarmBots THUMB Release/stm32f0xx_it.o
                0x0000000008000274                HardFault_Handler
 .text.SVC_Handler
                0x00000000080002ac        0x2 SwarmBots THUMB Release/stm32f0xx_it.o
                0x00000000080002ac                SVC_Handler
 .text.PendSV_Handler
                0x00000000080002ae        0x2 SwarmBots THUMB Release/stm32f0xx_it.o
                0x00000000080002ae                PendSV_Handler
 .text.SysTick_Handler
                0x00000000080002b0       0x1e SwarmBots THUMB Release/stm32f0xx_it.o
                0x00000000080002b0                SysTick_Handler
 *fill*         0x00000000080002ce        0x2 
 .text.DMA1_Channel2_3_IRQHandler
                0x00000000080002d0       0x18 SwarmBots THUMB Release/stm32f0xx_it.o
                0x00000000080002d0                DMA1_Channel2_3_IRQHandler
 .text.DMA1_Channel4_5_IRQHandler
                0x00000000080002e8       0x18 SwarmBots THUMB Release/stm32f0xx_it.o
                0x00000000080002e8                DMA1_Channel4_5_IRQHandler
 .text.EXTI0_1_IRQHandler
                0x0000000008000300        0xa SwarmBots THUMB Release/stm32f0xx_it.o
                0x0000000008000300                EXTI0_1_IRQHandler
 .text.EXTI2_3_IRQHandler
                0x000000000800030a        0xa SwarmBots THUMB Release/stm32f0xx_it.o
                0x000000000800030a                EXTI2_3_IRQHandler
 .text.EXTI4_15_IRQHandler
                0x0000000008000314       0x24 SwarmBots THUMB Release/stm32f0xx_it.o
                0x0000000008000314                EXTI4_15_IRQHandler
 .text.TIM3_IRQHandler
                0x0000000008000338       0x28 SwarmBots THUMB Release/stm32f0xx_it.o
                0x0000000008000338                TIM3_IRQHandler
 .text.DMA1_Channel1_IRQHandler
                0x0000000008000360       0x1c SwarmBots THUMB Release/stm32f0xx_it.o
                0x0000000008000360                DMA1_Channel1_IRQHandler
 .text.main     0x000000000800037c       0x10 SwarmBots THUMB Release/main.o
                0x000000000800037c                main
 .text.HAL_I2C_MspInit
                0x000000000800038c       0xf8 SwarmBots THUMB Release/stm32f0xx_hal_msp.o
                0x000000000800038c                HAL_I2C_MspInit
 .text.HAL_SPI_MspInit
                0x0000000008000484      0x1ac SwarmBots THUMB Release/stm32f0xx_hal_msp.o
                0x0000000008000484                HAL_SPI_MspInit
 .text.HAL_TIM_Base_MspInit
                0x0000000008000630       0x30 SwarmBots THUMB Release/stm32f0xx_hal_msp.o
                0x0000000008000630                HAL_TIM_Base_MspInit
 .text.HAL_ADC_MspInit
                0x0000000008000660       0x78 SwarmBots THUMB Release/stm32f0xx_hal_msp.o
                0x0000000008000660                HAL_ADC_MspInit
 .text.getMicroSeconds
                0x00000000080006d8       0x20 SwarmBots THUMB Release/utilities.o
                0x00000000080006d8                getMicroSeconds
 .text.delayMicroseconds
                0x00000000080006f8       0x20 SwarmBots THUMB Release/utilities.o
                0x00000000080006f8                delayMicroseconds
 .text.I2CInit  0x0000000008000718       0x34 SwarmBots THUMB Release/utilities.o
                0x0000000008000718                I2CInit
 .text.SPIInit  0x000000000800074c       0x4c SwarmBots THUMB Release/utilities.o
                0x000000000800074c                SPIInit
 .text.SPIWriteRegisters
                0x0000000008000798       0x74 SwarmBots THUMB Release/utilities.o
                0x0000000008000798                SPIWriteRegisters
 .text.SPIWriteRegister
                0x000000000800080c       0x14 SwarmBots THUMB Release/utilities.o
                0x000000000800080c                SPIWriteRegister
 .text.SPIWriteCommand
                0x0000000008000820       0x6c SwarmBots THUMB Release/utilities.o
                0x0000000008000820                SPIWriteCommand
 .text.SPIReadBytes
                0x000000000800088c       0x6c SwarmBots THUMB Release/utilities.o
                0x000000000800088c                SPIReadBytes
 .text.SPIReadByte
                0x00000000080008f8       0x58 SwarmBots THUMB Release/utilities.o
                0x00000000080008f8                SPIReadByte
 .text.I2CWriteBytes
                0x0000000008000950       0x28 SwarmBots THUMB Release/utilities.o
                0x0000000008000950                I2CWriteBytes
 .text.I2CWriteByte
                0x0000000008000978       0x14 SwarmBots THUMB Release/utilities.o
                0x0000000008000978                I2CWriteByte
 .text.I2CReadBytes
                0x000000000800098c       0x2c SwarmBots THUMB Release/utilities.o
                0x000000000800098c                I2CReadBytes
 .text.I2CReadByte
                0x00000000080009b8        0xc SwarmBots THUMB Release/utilities.o
                0x00000000080009b8                I2CReadByte
 .text.I2CReadBit
                0x00000000080009c4       0x30 SwarmBots THUMB Release/utilities.o
                0x00000000080009c4                I2CReadBit
 .text.Reboot   0x00000000080009f4       0x18 SwarmBots THUMB Release/utilities.o
                0x00000000080009f4                Reboot
 .text.Error_Handler
                0x0000000008000a0c       0x34 SwarmBots THUMB Release/utilities.o
                0x0000000008000a0c                Error_Handler
 .text.initMicroTimer
                0x0000000008000a40       0x74 SwarmBots THUMB Release/utilities.o
                0x0000000008000a40                initMicroTimer
 .text.SystemClock_Config
                0x0000000008000ab4       0x90 SwarmBots THUMB Release/utilities.o
                0x0000000008000ab4                SystemClock_Config
 .text.writeSetupBlock
                0x0000000008000b44       0x54 SwarmBots THUMB Release/qt1070.o
                0x0000000008000b44                writeSetupBlock
 .text.resetQT  0x0000000008000b98        0xe SwarmBots THUMB Release/qt1070.o
                0x0000000008000b98                resetQT
 .text.calibrateQT
                0x0000000008000ba6       0x2e SwarmBots THUMB Release/qt1070.o
                0x0000000008000ba6                calibrateQT
 .text.getQTDeviceID
                0x0000000008000bd4       0x18 SwarmBots THUMB Release/qt1070.o
                0x0000000008000bd4                getQTDeviceID
 .text.initQtInterface
                0x0000000008000bec       0x26 SwarmBots THUMB Release/qt1070.o
                0x0000000008000bec                initQtInterface
 *fill*         0x0000000008000c12        0x2 
 .text.initRobot
                0x0000000008000c14       0x60 SwarmBots THUMB Release/functions.o
                0x0000000008000c14                initRobot
 .text.prepareMessageToSend
                0x0000000008000c74       0xa0 SwarmBots THUMB Release/functions.o
                0x0000000008000c74                prepareMessageToSend
 .text.updateRobot
                0x0000000008000d14       0xfc SwarmBots THUMB Release/functions.o
                0x0000000008000d14                updateRobot
 .text.handleIncomingRadioMessage
                0x0000000008000e10      0x170 SwarmBots THUMB Release/functions.o
                0x0000000008000e10                handleIncomingRadioMessage
 .text.checkRadio
                0x0000000008000f80       0x54 SwarmBots THUMB Release/functions.o
                0x0000000008000f80                checkRadio
 .text.switchToChargingMode
                0x0000000008000fd4       0x40 SwarmBots THUMB Release/functions.o
                0x0000000008000fd4                switchToChargingMode
 .text.HAL_GPIO_EXTI_Callback
                0x0000000008001014       0x68 SwarmBots THUMB Release/functions.o
                0x0000000008001014                HAL_GPIO_EXTI_Callback
 .text.getIMUDeviceID
                0x000000000800107c       0x20 SwarmBots THUMB Release/lsm6ds3.o
                0x000000000800107c                getIMUDeviceID
 .text.resetIMU
                0x000000000800109c       0x28 SwarmBots THUMB Release/lsm6ds3.o
                0x000000000800109c                resetIMU
 .text.getRawRotation
                0x00000000080010c4       0x48 SwarmBots THUMB Release/lsm6ds3.o
                0x00000000080010c4                getRawRotation
 .text.calibrateLSM6DS3
                0x000000000800110c       0x9c SwarmBots THUMB Release/lsm6ds3.o
                0x000000000800110c                calibrateLSM6DS3
 .text.setAccelRange
                0x00000000080011a8       0x40 SwarmBots THUMB Release/lsm6ds3.o
                0x00000000080011a8                setAccelRange
 .text.setAccelBW
                0x00000000080011e8       0x40 SwarmBots THUMB Release/lsm6ds3.o
                0x00000000080011e8                setAccelBW
 .text.setAccelODR
                0x0000000008001228       0x40 SwarmBots THUMB Release/lsm6ds3.o
                0x0000000008001228                setAccelODR
 .text.initAccel
                0x0000000008001268       0x20 SwarmBots THUMB Release/lsm6ds3.o
                0x0000000008001268                initAccel
 .text.setGyroODR
                0x0000000008001288       0x40 SwarmBots THUMB Release/lsm6ds3.o
                0x0000000008001288                setGyroODR
 .text.setGyroRange
                0x00000000080012c8       0x40 SwarmBots THUMB Release/lsm6ds3.o
                0x00000000080012c8                setGyroRange
 .text.initGyro
                0x0000000008001308       0x1c SwarmBots THUMB Release/lsm6ds3.o
                0x0000000008001308                initGyro
 .text.initIMU  0x0000000008001324       0x78 SwarmBots THUMB Release/lsm6ds3.o
                0x0000000008001324                initIMU
 .text.read_payload
                0x000000000800139c       0x3c SwarmBots THUMB Release/RF24.o
                0x000000000800139c                read_payload
 .text.readRadio
                0x00000000080013d8       0x10 SwarmBots THUMB Release/RF24.o
                0x00000000080013d8                readRadio
 .text.getDynamicPayloadSize
                0x00000000080013e8       0x1a SwarmBots THUMB Release/RF24.o
                0x00000000080013e8                getDynamicPayloadSize
 .text.toggle_features
                0x0000000008001402        0xc SwarmBots THUMB Release/RF24.o
                0x0000000008001402                toggle_features
 .text.flush_rx
                0x000000000800140e        0xc SwarmBots THUMB Release/RF24.o
                0x000000000800140e                flush_rx
 .text.flush_tx
                0x000000000800141a        0xc SwarmBots THUMB Release/RF24.o
                0x000000000800141a                flush_tx
 .text.get_status
                0x0000000008001426        0xc SwarmBots THUMB Release/RF24.o
                0x0000000008001426                get_status
 .text.whatHappened
                0x0000000008001432       0x22 SwarmBots THUMB Release/RF24.o
                0x0000000008001432                whatHappened
 .text.csn      0x0000000008001454       0x10 SwarmBots THUMB Release/RF24.o
                0x0000000008001454                csn
 .text.writeAckPayload
                0x0000000008001464       0x36 SwarmBots THUMB Release/RF24.o
                0x0000000008001464                writeAckPayload
 *fill*         0x000000000800149a        0x2 
 .text.ce       0x000000000800149c       0x14 SwarmBots THUMB Release/RF24.o
                0x000000000800149c                ce
 .text.readRadioRegister
                0x00000000080014b0       0x1c SwarmBots THUMB Release/RF24.o
                0x00000000080014b0                readRadioRegister
 .text.writeRadioRegisters
                0x00000000080014cc       0x18 SwarmBots THUMB Release/RF24.o
                0x00000000080014cc                writeRadioRegisters
 .text.openWritingPipe
                0x00000000080014e4       0x16 SwarmBots THUMB Release/RF24.o
                0x00000000080014e4                openWritingPipe
 *fill*         0x00000000080014fa        0x2 
 .text.openReadingPipe
                0x00000000080014fc       0x40 SwarmBots THUMB Release/RF24.o
                0x00000000080014fc                openReadingPipe
 .text.writeRadioRegister
                0x000000000800153c       0x12 SwarmBots THUMB Release/RF24.o
                0x000000000800153c                writeRadioRegister
 .text.powerDown
                0x000000000800154e       0x24 SwarmBots THUMB Release/RF24.o
                0x000000000800154e                powerDown
 .text.powerUp  0x0000000008001572       0x26 SwarmBots THUMB Release/RF24.o
                0x0000000008001572                powerUp
 .text.enableDynamicPayloads
                0x0000000008001598       0x54 SwarmBots THUMB Release/RF24.o
                0x0000000008001598                enableDynamicPayloads
 .text.enableAckPayload
                0x00000000080015ec       0x6c SwarmBots THUMB Release/RF24.o
                0x00000000080015ec                enableAckPayload
 .text.setAutoAck
                0x0000000008001658       0x24 SwarmBots THUMB Release/RF24.o
                0x0000000008001658                setAutoAck
 .text.setPALevel
                0x000000000800167c       0x4c SwarmBots THUMB Release/RF24.o
                0x000000000800167c                setPALevel
 .text.setDataRate
                0x00000000080016c8       0x54 SwarmBots THUMB Release/RF24.o
                0x00000000080016c8                setDataRate
 .text.setCRCLength
                0x000000000800171c       0x38 SwarmBots THUMB Release/RF24.o
                0x000000000800171c                setCRCLength
 .text.setRetries
                0x0000000008001754       0x24 SwarmBots THUMB Release/RF24.o
                0x0000000008001754                setRetries
 .text.clearInterruptFlag
                0x0000000008001778       0x22 SwarmBots THUMB Release/RF24.o
                0x0000000008001778                clearInterruptFlag
 .text.setInterruptSource
                0x000000000800179a       0x52 SwarmBots THUMB Release/RF24.o
                0x000000000800179a                setInterruptSource
 .text.setChannel
                0x00000000080017ec       0x24 SwarmBots THUMB Release/RF24.o
                0x00000000080017ec                setChannel
 .text.initNRF24L01P
                0x0000000008001810       0xe4 SwarmBots THUMB Release/RF24.o
                0x0000000008001810                initNRF24L01P
 .text.startListening
                0x00000000080018f4       0x60 SwarmBots THUMB Release/RF24.o
                0x00000000080018f4                startListening
 .text.RingBuffer_init
                0x0000000008001954        0xe SwarmBots THUMB Release/RingBuffer.o
                0x0000000008001954                RingBuffer_init
 .text.RingBuffer_pop
                0x0000000008001962       0x22 SwarmBots THUMB Release/RingBuffer.o
                0x0000000008001962                RingBuffer_pop
 .text.RingBuffer_get
                0x0000000008001984       0x18 SwarmBots THUMB Release/RingBuffer.o
                0x0000000008001984                RingBuffer_get
 .text.RingBuffer_push
                0x000000000800199c       0x18 SwarmBots THUMB Release/RingBuffer.o
                0x000000000800199c                RingBuffer_push
 .text.RingBuffer_erase
                0x00000000080019b4       0x18 SwarmBots THUMB Release/RingBuffer.o
                0x00000000080019b4                RingBuffer_erase
 .text.setRGBLed
                0x00000000080019cc       0x64 SwarmBots THUMB Release/led.o
                0x00000000080019cc                setRGBLed
 .text.initRGBLed
                0x0000000008001a30      0x148 SwarmBots THUMB Release/led.o
                0x0000000008001a30                initRGBLed
 .text.setRedLedRaw
                0x0000000008001b78       0x24 SwarmBots THUMB Release/led.o
                0x0000000008001b78                setRedLedRaw
 .text.toggleRedLed
                0x0000000008001b9c       0x24 SwarmBots THUMB Release/led.o
                0x0000000008001b9c                toggleRedLed
 .text.setRedLed
                0x0000000008001bc0       0x24 SwarmBots THUMB Release/led.o
                0x0000000008001bc0                setRedLed
 .text.setGreenLedRaw
                0x0000000008001be4       0x24 SwarmBots THUMB Release/led.o
                0x0000000008001be4                setGreenLedRaw
 .text.setGreenLed
                0x0000000008001c08       0x24 SwarmBots THUMB Release/led.o
                0x0000000008001c08                setGreenLed
 .text.setBlueLedRaw
                0x0000000008001c2c       0x24 SwarmBots THUMB Release/led.o
                0x0000000008001c2c                setBlueLedRaw
 .text.setBlueLed
                0x0000000008001c50       0x24 SwarmBots THUMB Release/led.o
                0x0000000008001c50                setBlueLed
 .text.setMotor1
                0x0000000008001c74       0x34 SwarmBots THUMB Release/motors.o
                0x0000000008001c74                setMotor1
 .text.setMotor2
                0x0000000008001ca8       0x34 SwarmBots THUMB Release/motors.o
                0x0000000008001ca8                setMotor2
 .text.initMotors
                0x0000000008001cdc      0x174 SwarmBots THUMB Release/motors.o
                0x0000000008001cdc                initMotors
 .text.getRobotId
                0x0000000008001e50        0xc SwarmBots THUMB Release/radio.o
                0x0000000008001e50                getRobotId
 .text.openCommunication
                0x0000000008001e5c       0x1c SwarmBots THUMB Release/radio.o
                0x0000000008001e5c                openCommunication
 .text.initRadio
                0x0000000008001e78       0x84 SwarmBots THUMB Release/radio.o
                0x0000000008001e78                initRadio
 .text.initPhotoDiodes
                0x0000000008001efc       0xa4 SwarmBots THUMB Release/sensors.o
                0x0000000008001efc                initPhotoDiodes
 .text.initBatteryMonitor
                0x0000000008001fa0       0x80 SwarmBots THUMB Release/sensors.o
                0x0000000008001fa0                initBatteryMonitor
 .text.initSensors
                0x0000000008002020       0xd8 SwarmBots THUMB Release/sensors.o
                0x0000000008002020                initSensors
 .text.readPhotoDiode
                0x00000000080020f8       0xf0 SwarmBots THUMB Release/sensors.o
                0x00000000080020f8                readPhotoDiode
 .text.calculatePhotodiodePosition
                0x00000000080021e8      0x10c SwarmBots THUMB Release/sensors.o
                0x00000000080021e8                calculatePhotodiodePosition
 .text.updateRobotPosition
                0x00000000080022f4       0xfc SwarmBots THUMB Release/sensors.o
                0x00000000080022f4                updateRobotPosition
 .text.getRobotPosition
                0x00000000080023f0        0x8 SwarmBots THUMB Release/sensors.o
                0x00000000080023f0                getRobotPosition
 .text.getRobotAngle
                0x00000000080023f8        0x8 SwarmBots THUMB Release/sensors.o
                0x00000000080023f8                getRobotAngle
 .text.startReadBatteryLevel
                0x0000000008002400       0x2c SwarmBots THUMB Release/sensors.o
                0x0000000008002400                startReadBatteryLevel
 .text.getBatteryLevel
                0x000000000800242c        0xc SwarmBots THUMB Release/sensors.o
                0x000000000800242c                getBatteryLevel
 .text.isBlinded
                0x0000000008002438        0xc SwarmBots THUMB Release/sensors.o
                0x0000000008002438                isBlinded
 .text.maximumf
                0x0000000008002444       0x46 SwarmBots THUMB Release/position_control.o
                0x0000000008002444                maximumf
 *fill*         0x000000000800248a        0x2 
 .text.angleControl
                0x000000000800248c      0x1c4 SwarmBots THUMB Release/position_control.o
                0x000000000800248c                angleControl
 .text.minimumc
                0x0000000008002650       0x2a SwarmBots THUMB Release/position_control.o
                0x0000000008002650                minimumc
 .text.maximumc
                0x000000000800267a       0x2a SwarmBots THUMB Release/position_control.o
                0x000000000800267a                maximumc
 .text.increaseVelocity
                0x00000000080026a4       0x5c SwarmBots THUMB Release/position_control.o
                0x00000000080026a4                increaseVelocity
 .text.positionControl
                0x0000000008002700      0x2e4 SwarmBots THUMB Release/position_control.o
                0x0000000008002700                positionControl
 .text.calibrate
                0x00000000080029e4      0x694 SwarmBots THUMB Release/position_control.o
                0x00000000080029e4                calibrate
 .text.SystemInit
                0x0000000008003078       0x60 SwarmBots THUMB Release/system_stm32f0xx.o
                0x0000000008003078                SystemInit
 .text.HAL_MspInit
                0x00000000080030d8        0x2 SwarmBots THUMB Release/stm32f0xx_hal.o
                0x00000000080030d8                HAL_MspInit
 .text.HAL_InitTick
                0x00000000080030da       0x24 SwarmBots THUMB Release/stm32f0xx_hal.o
                0x00000000080030da                HAL_InitTick
 *fill*         0x00000000080030fe        0x2 
 .text.HAL_Init
                0x0000000008003100       0x20 SwarmBots THUMB Release/stm32f0xx_hal.o
                0x0000000008003100                HAL_Init
 .text.HAL_IncTick
                0x0000000008003120       0x10 SwarmBots THUMB Release/stm32f0xx_hal.o
                0x0000000008003120                HAL_IncTick
 .text.HAL_GetTick
                0x0000000008003130        0xc SwarmBots THUMB Release/stm32f0xx_hal.o
                0x0000000008003130                HAL_GetTick
 .text.HAL_Delay
                0x000000000800313c       0x24 SwarmBots THUMB Release/stm32f0xx_hal.o
                0x000000000800313c                HAL_Delay
 .text.ADC_Enable
                0x0000000008003160       0xa8 SwarmBots THUMB Release/stm32f0xx_hal_adc.o
 .text.HAL_ADC_Init
                0x0000000008003208      0x160 SwarmBots THUMB Release/stm32f0xx_hal_adc.o
                0x0000000008003208                HAL_ADC_Init
 .text.HAL_ADC_Start_DMA
                0x0000000008003368       0xa0 SwarmBots THUMB Release/stm32f0xx_hal_adc.o
                0x0000000008003368                HAL_ADC_Start_DMA
 .text.HAL_ADC_ConvCpltCallback
                0x0000000008003408        0x2 SwarmBots THUMB Release/stm32f0xx_hal_adc.o
                0x0000000008003408                HAL_ADC_ConvCpltCallback
 *fill*         0x000000000800340a        0x2 
 .text.ADC_DMAConvCplt
                0x000000000800340c       0x70 SwarmBots THUMB Release/stm32f0xx_hal_adc.o
 .text.HAL_ADC_ConvHalfCpltCallback
                0x000000000800347c        0x2 SwarmBots THUMB Release/stm32f0xx_hal_adc.o
                0x000000000800347c                HAL_ADC_ConvHalfCpltCallback
 .text.ADC_DMAHalfConvCplt
                0x000000000800347e        0xa SwarmBots THUMB Release/stm32f0xx_hal_adc.o
 .text.HAL_ADC_ErrorCallback
                0x0000000008003488        0x2 SwarmBots THUMB Release/stm32f0xx_hal_adc.o
                0x0000000008003488                HAL_ADC_ErrorCallback
 .text.ADC_DMAError
                0x000000000800348a       0x1a SwarmBots THUMB Release/stm32f0xx_hal_adc.o
 .text.HAL_ADC_ConfigChannel
                0x00000000080034a4      0x134 SwarmBots THUMB Release/stm32f0xx_hal_adc.o
                0x00000000080034a4                HAL_ADC_ConfigChannel
 .text.HAL_ADCEx_Calibration_Start
                0x00000000080035d8       0xac SwarmBots THUMB Release/stm32f0xx_hal_adc_ex.o
                0x00000000080035d8                HAL_ADCEx_Calibration_Start
 .text.HAL_NVIC_SetPriority
                0x0000000008003684       0x68 SwarmBots THUMB Release/stm32f0xx_hal_cortex.o
                0x0000000008003684                HAL_NVIC_SetPriority
 .text.HAL_NVIC_EnableIRQ
                0x00000000080036ec       0x14 SwarmBots THUMB Release/stm32f0xx_hal_cortex.o
                0x00000000080036ec                HAL_NVIC_EnableIRQ
 .text.HAL_SYSTICK_Config
                0x0000000008003700       0x38 SwarmBots THUMB Release/stm32f0xx_hal_cortex.o
                0x0000000008003700                HAL_SYSTICK_Config
 .text.HAL_DMA_Init
                0x0000000008003738       0x74 SwarmBots THUMB Release/stm32f0xx_hal_dma.o
                0x0000000008003738                HAL_DMA_Init
 .text.HAL_DMA_DeInit
                0x00000000080037ac       0x58 SwarmBots THUMB Release/stm32f0xx_hal_dma.o
                0x00000000080037ac                HAL_DMA_DeInit
 .text.HAL_DMA_Start_IT
                0x0000000008003804       0x92 SwarmBots THUMB Release/stm32f0xx_hal_dma.o
                0x0000000008003804                HAL_DMA_Start_IT
 .text.HAL_DMA_IRQHandler
                0x0000000008003896       0xaa SwarmBots THUMB Release/stm32f0xx_hal_dma.o
                0x0000000008003896                HAL_DMA_IRQHandler
 .text.HAL_GPIO_Init
                0x0000000008003940      0x1ac SwarmBots THUMB Release/stm32f0xx_hal_gpio.o
                0x0000000008003940                HAL_GPIO_Init
 .text.HAL_GPIO_ReadPin
                0x0000000008003aec        0xc SwarmBots THUMB Release/stm32f0xx_hal_gpio.o
                0x0000000008003aec                HAL_GPIO_ReadPin
 .text.HAL_GPIO_WritePin
                0x0000000008003af8        0xc SwarmBots THUMB Release/stm32f0xx_hal_gpio.o
                0x0000000008003af8                HAL_GPIO_WritePin
 .text.HAL_GPIO_EXTI_IRQHandler
                0x0000000008003b04       0x1c SwarmBots THUMB Release/stm32f0xx_hal_gpio.o
                0x0000000008003b04                HAL_GPIO_EXTI_IRQHandler
 .text.I2C_Flush_TXDR
                0x0000000008003b20       0x1e SwarmBots THUMB Release/stm32f0xx_hal_i2c.o
 *fill*         0x0000000008003b3e        0x2 
 .text.I2C_TransferConfig
                0x0000000008003b40       0x24 SwarmBots THUMB Release/stm32f0xx_hal_i2c.o
 .text.I2C_IsAcknowledgeFailed
                0x0000000008003b64       0x78 SwarmBots THUMB Release/stm32f0xx_hal_i2c.o
 .text.I2C_WaitOnTXISFlagUntilTimeout
                0x0000000008003bdc       0x54 SwarmBots THUMB Release/stm32f0xx_hal_i2c.o
 .text.I2C_WaitOnFlagUntilTimeout
                0x0000000008003c30       0x46 SwarmBots THUMB Release/stm32f0xx_hal_i2c.o
 .text.I2C_RequestMemoryWrite
                0x0000000008003c76       0x84 SwarmBots THUMB Release/stm32f0xx_hal_i2c.o
 .text.I2C_RequestMemoryRead
                0x0000000008003cfa       0x82 SwarmBots THUMB Release/stm32f0xx_hal_i2c.o
 .text.I2C_WaitOnSTOPFlagUntilTimeout
                0x0000000008003d7c       0x50 SwarmBots THUMB Release/stm32f0xx_hal_i2c.o
 .text.HAL_I2C_Init
                0x0000000008003dcc       0xcc SwarmBots THUMB Release/stm32f0xx_hal_i2c.o
                0x0000000008003dcc                HAL_I2C_Init
 .text.HAL_I2C_Mem_Write
                0x0000000008003e98      0x1c0 SwarmBots THUMB Release/stm32f0xx_hal_i2c.o
                0x0000000008003e98                HAL_I2C_Mem_Write
 .text.HAL_I2C_Mem_Read
                0x0000000008004058      0x1c8 SwarmBots THUMB Release/stm32f0xx_hal_i2c.o
                0x0000000008004058                HAL_I2C_Mem_Read
 .text.HAL_RCC_OscConfig
                0x0000000008004220      0x490 SwarmBots THUMB Release/stm32f0xx_hal_rcc.o
                0x0000000008004220                HAL_RCC_OscConfig
 .text.HAL_RCC_MCOConfig
                0x00000000080046b0       0x50 SwarmBots THUMB Release/stm32f0xx_hal_rcc.o
                0x00000000080046b0                HAL_RCC_MCOConfig
 .text.HAL_RCC_GetSysClockFreq
                0x0000000008004700       0x78 SwarmBots THUMB Release/stm32f0xx_hal_rcc.o
                0x0000000008004700                HAL_RCC_GetSysClockFreq
 .text.HAL_RCC_ClockConfig
                0x0000000008004778      0x16c SwarmBots THUMB Release/stm32f0xx_hal_rcc.o
                0x0000000008004778                HAL_RCC_ClockConfig
 .text.HAL_RCC_GetHCLKFreq
                0x00000000080048e4        0xc SwarmBots THUMB Release/stm32f0xx_hal_rcc.o
                0x00000000080048e4                HAL_RCC_GetHCLKFreq
 .text.SPI_WaitFlagStateUntilTimeout
                0x00000000080048f0       0x9c SwarmBots THUMB Release/stm32f0xx_hal_spi.o
 .text.SPI_WaitFifoStateUntilTimeout
                0x000000000800498c       0xd0 SwarmBots THUMB Release/stm32f0xx_hal_spi.o
 .text.SPI_EndRxTxTransaction
                0x0000000008004a5c       0x68 SwarmBots THUMB Release/stm32f0xx_hal_spi.o
 .text.SPI_EndRxTransaction
                0x0000000008004ac4       0x8e SwarmBots THUMB Release/stm32f0xx_hal_spi.o
 *fill*         0x0000000008004b52        0x2 
 .text.HAL_SPI_Init
                0x0000000008004b54      0x100 SwarmBots THUMB Release/stm32f0xx_hal_spi.o
                0x0000000008004b54                HAL_SPI_Init
 .text.HAL_SPI_TransmitReceive_DMA
                0x0000000008004c54      0x200 SwarmBots THUMB Release/stm32f0xx_hal_spi.o
                0x0000000008004c54                HAL_SPI_TransmitReceive_DMA
 .text.HAL_SPI_RxCpltCallback
                0x0000000008004e54        0x2 SwarmBots THUMB Release/stm32f0xx_hal_spi.o
                0x0000000008004e54                HAL_SPI_RxCpltCallback
 .text.HAL_SPI_TxRxCpltCallback
                0x0000000008004e56        0x2 SwarmBots THUMB Release/stm32f0xx_hal_spi.o
                0x0000000008004e56                HAL_SPI_TxRxCpltCallback
 .text.HAL_SPI_RxHalfCpltCallback
                0x0000000008004e58        0x2 SwarmBots THUMB Release/stm32f0xx_hal_spi.o
                0x0000000008004e58                HAL_SPI_RxHalfCpltCallback
 .text.SPI_DMAHalfReceiveCplt
                0x0000000008004e5a        0xa SwarmBots THUMB Release/stm32f0xx_hal_spi.o
 .text.HAL_SPI_TxRxHalfCpltCallback
                0x0000000008004e64        0x2 SwarmBots THUMB Release/stm32f0xx_hal_spi.o
                0x0000000008004e64                HAL_SPI_TxRxHalfCpltCallback
 .text.SPI_DMAHalfTransmitReceiveCplt
                0x0000000008004e66        0xa SwarmBots THUMB Release/stm32f0xx_hal_spi.o
 .text.HAL_SPI_ErrorCallback
                0x0000000008004e70        0x2 SwarmBots THUMB Release/stm32f0xx_hal_spi.o
                0x0000000008004e70                HAL_SPI_ErrorCallback
 .text.SPI_DMAError
                0x0000000008004e72       0x22 SwarmBots THUMB Release/stm32f0xx_hal_spi.o
 .text.SPI_DMAReceiveCplt
                0x0000000008004e94       0x5a SwarmBots THUMB Release/stm32f0xx_hal_spi.o
 .text.SPI_DMATransmitReceiveCplt
                0x0000000008004eee       0x60 SwarmBots THUMB Release/stm32f0xx_hal_spi.o
 .text.HAL_SPI_GetState
                0x0000000008004f4e        0x8 SwarmBots THUMB Release/stm32f0xx_hal_spi.o
                0x0000000008004f4e                HAL_SPI_GetState
 *fill*         0x0000000008004f56        0x2 
 .text.TIM_OC1_SetConfig
                0x0000000008004f58       0x9c SwarmBots THUMB Release/stm32f0xx_hal_tim.o
 .text.TIM_OC3_SetConfig
                0x0000000008004ff4       0x88 SwarmBots THUMB Release/stm32f0xx_hal_tim.o
 .text.TIM_OC4_SetConfig
                0x000000000800507c       0x74 SwarmBots THUMB Release/stm32f0xx_hal_tim.o
 .text.HAL_TIM_Base_Start_IT
                0x00000000080050f0       0x16 SwarmBots THUMB Release/stm32f0xx_hal_tim.o
                0x00000000080050f0                HAL_TIM_Base_Start_IT
 .text.HAL_TIM_PWM_MspInit
                0x0000000008005106        0x2 SwarmBots THUMB Release/stm32f0xx_hal_tim.o
                0x0000000008005106                HAL_TIM_PWM_MspInit
 .text.HAL_TIM_PeriodElapsedCallback
                0x0000000008005108        0x2 SwarmBots THUMB Release/stm32f0xx_hal_tim.o
                0x0000000008005108                HAL_TIM_PeriodElapsedCallback
 .text.HAL_TIM_OC_DelayElapsedCallback
                0x000000000800510a        0x2 SwarmBots THUMB Release/stm32f0xx_hal_tim.o
                0x000000000800510a                HAL_TIM_OC_DelayElapsedCallback
 .text.HAL_TIM_IC_CaptureCallback
                0x000000000800510c        0x2 SwarmBots THUMB Release/stm32f0xx_hal_tim.o
                0x000000000800510c                HAL_TIM_IC_CaptureCallback
 .text.HAL_TIM_PWM_PulseFinishedCallback
                0x000000000800510e        0x2 SwarmBots THUMB Release/stm32f0xx_hal_tim.o
                0x000000000800510e                HAL_TIM_PWM_PulseFinishedCallback
 .text.HAL_TIM_TriggerCallback
                0x0000000008005110        0x2 SwarmBots THUMB Release/stm32f0xx_hal_tim.o
                0x0000000008005110                HAL_TIM_TriggerCallback
 .text.HAL_TIM_IRQHandler
                0x0000000008005112      0x15a SwarmBots THUMB Release/stm32f0xx_hal_tim.o
                0x0000000008005112                HAL_TIM_IRQHandler
 .text.TIM_Base_SetConfig
                0x000000000800526c      0x128 SwarmBots THUMB Release/stm32f0xx_hal_tim.o
                0x000000000800526c                TIM_Base_SetConfig
 .text.HAL_TIM_Base_Init
                0x0000000008005394       0x34 SwarmBots THUMB Release/stm32f0xx_hal_tim.o
                0x0000000008005394                HAL_TIM_Base_Init
 .text.HAL_TIM_PWM_Init
                0x00000000080053c8       0x34 SwarmBots THUMB Release/stm32f0xx_hal_tim.o
                0x00000000080053c8                HAL_TIM_PWM_Init
 .text.TIM_OC2_SetConfig
                0x00000000080053fc       0x80 SwarmBots THUMB Release/stm32f0xx_hal_tim.o
                0x00000000080053fc                TIM_OC2_SetConfig
 .text.HAL_TIM_PWM_ConfigChannel
                0x000000000800547c       0xe8 SwarmBots THUMB Release/stm32f0xx_hal_tim.o
                0x000000000800547c                HAL_TIM_PWM_ConfigChannel
 .text.TIM_ETR_SetConfig
                0x0000000008005564       0x18 SwarmBots THUMB Release/stm32f0xx_hal_tim.o
                0x0000000008005564                TIM_ETR_SetConfig
 .text.HAL_TIM_ConfigClockSource
                0x000000000800557c      0x194 SwarmBots THUMB Release/stm32f0xx_hal_tim.o
                0x000000000800557c                HAL_TIM_ConfigClockSource
 .text.TIM_CCxChannelCmd
                0x0000000008005710       0x16 SwarmBots THUMB Release/stm32f0xx_hal_tim.o
                0x0000000008005710                TIM_CCxChannelCmd
 *fill*         0x0000000008005726        0x2 
 .text.HAL_TIM_PWM_Start
                0x0000000008005728       0x50 SwarmBots THUMB Release/stm32f0xx_hal_tim.o
                0x0000000008005728                HAL_TIM_PWM_Start
 .text.HAL_TIMEx_CommutationCallback
                0x0000000008005778        0x2 SwarmBots THUMB Release/stm32f0xx_hal_tim_ex.o
                0x0000000008005778                HAL_TIMEx_CommutationCallback
 .text.HAL_TIMEx_BreakCallback
                0x000000000800577a        0x2 SwarmBots THUMB Release/stm32f0xx_hal_tim_ex.o
                0x000000000800577a                HAL_TIMEx_BreakCallback
 .text.__aeabi_read_tp
                0x000000000800577c        0x8 SwarmBots THUMB Release/thumb_crt0.o
                0x000000000800577c                __aeabi_read_tp
 .text.libc.__int32_to_float32
                0x0000000008005784       0x28 C:/Program Files/Rowley Associates Limited/CrossWorks for ARM 4.0/lib/libm_v6m_t_le_eabi.a(libm_asm.o)
                0x0000000008005784                __int32_to_float32
                0x0000000008005784                __floatsisf
                0x0000000008005784                __aeabi_i2f
 .text.libc.__float32_to_int32
                0x00000000080057ac       0x40 C:/Program Files/Rowley Associates Limited/CrossWorks for ARM 4.0/lib/libm_v6m_t_le_eabi.a(libm_asm.o)
                0x00000000080057ac                __float32_to_int32
                0x00000000080057ac                __aeabi_f2iz
                0x00000000080057ac                __fixsfsi
 .text.libc.__float32_to_float64
                0x00000000080057ec       0x44 C:/Program Files/Rowley Associates Limited/CrossWorks for ARM 4.0/lib/libm_v6m_t_le_eabi.a(libm_asm.o)
                0x00000000080057ec                __float32_to_float64
                0x00000000080057ec                __aeabi_f2d
                0x00000000080057ec                __extendsfdf2
 .text.libc.__float32_add
                0x0000000008005830      0x14c C:/Program Files/Rowley Associates Limited/CrossWorks for ARM 4.0/lib/libm_v6m_t_le_eabi.a(libm_asm.o)
                0x0000000008005830                __aeabi_frsub
                0x0000000008005838                __subsf3
                0x0000000008005838                __aeabi_fsub
                0x0000000008005838                __float32_sub
                0x0000000008005840                __addsf3
                0x0000000008005840                __float32_add
                0x0000000008005840                __aeabi_fadd
 .text.libc.__float32_mul
                0x000000000800597c       0xb8 C:/Program Files/Rowley Associates Limited/CrossWorks for ARM 4.0/lib/libm_v6m_t_le_eabi.a(libm_asm.o)
                0x000000000800597c                __mulsf3
                0x000000000800597c                __aeabi_fmul
                0x000000000800597c                __float32_mul
 .text.libc.__float32_div
                0x0000000008005a34       0x94 C:/Program Files/Rowley Associates Limited/CrossWorks for ARM 4.0/lib/libm_v6m_t_le_eabi.a(libm_asm.o)
                0x0000000008005a34                __aeabi_fdiv
                0x0000000008005a34                __float32_div
                0x0000000008005a34                __divsf3
 .text.libc.__aeabi_fcmpeq
                0x0000000008005ac8       0x20 C:/Program Files/Rowley Associates Limited/CrossWorks for ARM 4.0/lib/libm_v6m_t_le_eabi.a(libm_asm.o)
                0x0000000008005ac8                __aeabi_fcmpeq
 .text.libc.__aeabi_fcmplt
                0x0000000008005ae8       0x30 C:/Program Files/Rowley Associates Limited/CrossWorks for ARM 4.0/lib/libm_v6m_t_le_eabi.a(libm_asm.o)
                0x0000000008005ae8                __aeabi_fcmplt
 .text.libc.__aeabi_fcmple
                0x0000000008005b18       0x34 C:/Program Files/Rowley Associates Limited/CrossWorks for ARM 4.0/lib/libm_v6m_t_le_eabi.a(libm_asm.o)
                0x0000000008005b18                __aeabi_fcmple
 .text.libc.__aeabi_fcmpgt
                0x0000000008005b4c       0x30 C:/Program Files/Rowley Associates Limited/CrossWorks for ARM 4.0/lib/libm_v6m_t_le_eabi.a(libm_asm.o)
                0x0000000008005b4c                __aeabi_fcmpgt
 .text.libc.__aeabi_fcmpge
                0x0000000008005b7c       0x34 C:/Program Files/Rowley Associates Limited/CrossWorks for ARM 4.0/lib/libm_v6m_t_le_eabi.a(libm_asm.o)
                0x0000000008005b7c                __aeabi_fcmpge
 .text.libc.atanf
                0x0000000008005bb0      0x180 C:/Program Files/Rowley Associates Limited/CrossWorks for ARM 4.0/lib/libm_v6m_t_le_eabi.a(libm2.o)
                0x0000000008005bb0                atanf
                0x0000000008005bb0                atan(float)
 .text.libc.atan2f
                0x0000000008005d30       0xcc C:/Program Files/Rowley Associates Limited/CrossWorks for ARM 4.0/lib/libm_v6m_t_le_eabi.a(libm2.o)
                0x0000000008005d30                atan2f
                0x0000000008005d30                atan2(float, float)
 .text.libc.cosf
                0x0000000008005dfc      0x284 C:/Program Files/Rowley Associates Limited/CrossWorks for ARM 4.0/lib/libm_v6m_t_le_eabi.a(libm2.o)
                0x0000000008005dfc                cosf
                0x0000000008005dfc                cos(float)
 .text.libc.expf
                0x0000000008006080      0x130 C:/Program Files/Rowley Associates Limited/CrossWorks for ARM 4.0/lib/libm_v6m_t_le_eabi.a(libm2.o)
                0x0000000008006080                expf
                0x0000000008006080                exp(float)
 .text.libc.logf
                0x00000000080061b0      0x180 C:/Program Files/Rowley Associates Limited/CrossWorks for ARM 4.0/lib/libm_v6m_t_le_eabi.a(libm2.o)
                0x00000000080061b0                log(float)
                0x00000000080061b0                logf
 .text.libc.powf
                0x0000000008006330       0xd4 C:/Program Files/Rowley Associates Limited/CrossWorks for ARM 4.0/lib/libm_v6m_t_le_eabi.a(libm2.o)
                0x0000000008006330                pow(float, float)
                0x0000000008006330                powf
 .text.libc.sinf
                0x0000000008006404      0x254 C:/Program Files/Rowley Associates Limited/CrossWorks for ARM 4.0/lib/libm_v6m_t_le_eabi.a(libm2.o)
                0x0000000008006404                sinf
                0x0000000008006404                sin(float)
 .text.libc.tanf
                0x0000000008006658      0x164 C:/Program Files/Rowley Associates Limited/CrossWorks for ARM 4.0/lib/libm_v6m_t_le_eabi.a(libm2.o)
                0x0000000008006658                tanf
                0x0000000008006658                tan(float)
 .text.libc.sqrtf
                0x00000000080067bc       0xac C:/Program Files/Rowley Associates Limited/CrossWorks for ARM 4.0/lib/libm_v6m_t_le_eabi.a(libm2.o)
                0x00000000080067bc                sqrt(float)
                0x00000000080067bc                sqrtf
 .text.libc.fabs
                0x0000000008006868        0x8 C:/Program Files/Rowley Associates Limited/CrossWorks for ARM 4.0/lib/libm_v6m_t_le_eabi.a(libm2_asm.o)
                0x0000000008006868                fabs(double)
                0x0000000008006868                fabs
 .text.libc.fabsf
                0x0000000008006870        0x8 C:/Program Files/Rowley Associates Limited/CrossWorks for ARM 4.0/lib/libm_v6m_t_le_eabi.a(libm2_asm.o)
                0x0000000008006870                fabsf
                0x0000000008006870                fabs(float)
 .text.libc.ldexpf
                0x0000000008006878       0x24 C:/Program Files/Rowley Associates Limited/CrossWorks for ARM 4.0/lib/libm_v6m_t_le_eabi.a(libm2_asm.o)
                0x0000000008006878                ldexp(float, int)
                0x0000000008006878                ldexpf
 .text.libc.frexpf
                0x000000000800689c       0x24 C:/Program Files/Rowley Associates Limited/CrossWorks for ARM 4.0/lib/libm_v6m_t_le_eabi.a(libm2_asm.o)
                0x000000000800689c                frexpf
                0x000000000800689c                frexp(float, int*)
 .text.libc.__int64_udivmod
                0x00000000080068c0       0xac C:/Program Files/Rowley Associates Limited/CrossWorks for ARM 4.0/lib/libc_v6m_t_le_eabi.a(libc_asm.o)
                0x00000000080068f6                __aeabi_uldivmod
                0x00000000080068f6                __int64_udiv
                0x00000000080068f6                __udivdi3
                0x00000000080068f6                __int64_udivmod
 .text.libc.__int32_div
                0x000000000800696c       0x64 C:/Program Files/Rowley Associates Limited/CrossWorks for ARM 4.0/lib/libc_v6m_t_le_eabi.a(libc_asm.o)
                0x000000000800696c                __int32_div
                0x000000000800696c                __aeabi_idiv
                0x000000000800696c                __divsi3
                0x00000000080069a8                __aeabi_uidiv
                0x00000000080069a8                __uint32_div
                0x00000000080069a8                __udivsi3
 .text.libc.__aeabi_uidivmod
                0x00000000080069d0       0x2c C:/Program Files/Rowley Associates Limited/CrossWorks for ARM 4.0/lib/libc_v6m_t_le_eabi.a(libc_asm.o)
                0x00000000080069d0                __aeabi_uidivmod
                0x00000000080069d0                __int32_udivmod
 .text.libc.abs
                0x00000000080069fc        0x8 C:/Program Files/Rowley Associates Limited/CrossWorks for ARM 4.0/lib/libc_v6m_t_le_eabi.a(libc2.o)
                0x00000000080069fc                abs
 .text.libc.__aeabi_errno_addr
                0x0000000008006a04       0x10 C:/Program Files/Rowley Associates Limited/CrossWorks for ARM 4.0/lib/libc_v6m_t_le_eabi.a(libc2.o)
                0x0000000008006a04                __aeabi_errno_addr
 .text.libc.memcpy
                0x0000000008006a14       0x18 C:/Program Files/Rowley Associates Limited/CrossWorks for ARM 4.0/lib/libc_v6m_t_le_eabi.a(libc2_asm.o)
                0x0000000008006a14                __aeabi_memcpy
                0x0000000008006a14                __aeabi_memcpy4
                0x0000000008006a14                __aeabi_memcpy8
                0x0000000008006a14                memcpy
 .text.libc.memcpy_fast
                0x0000000008006a2c        0x4 C:/Program Files/Rowley Associates Limited/CrossWorks for ARM 4.0/lib/libc_v6m_t_le_eabi.a(libc2_asm.o)
                0x0000000008006a2c                memcpy_fast
 .text.libc.memset
                0x0000000008006a30       0x14 C:/Program Files/Rowley Associates Limited/CrossWorks for ARM 4.0/lib/libc_v6m_t_le_eabi.a(libc2_asm.o)
                0x0000000008006a30                memset
                0x0000000008006a44                __text_end__ = (__text_start__ + SIZEOF (.text))
                0x00000000000067d4                __text_size__ = SIZEOF (.text)
                0x0000000008006a44                __text_load_end__ = __text_end__

.vfp11_veneer   0x0000000100000000        0x0
 .vfp11_veneer  0x0000000100000000        0x0 linker stubs

.v4_bx          0x0000000100000000        0x0
 .v4_bx         0x0000000100000000        0x0 linker stubs

.iplt           0x0000000100000000        0x0
 .iplt          0x0000000100000000        0x0 SwarmBots THUMB Release/stm32f0xx_it.o
                0x0000000000000001                . = ASSERT (((__text_start__ == __text_end__) || ((__text_end__ >= __FLASH_segment_start__) && (__text_end__ <= __FLASH_segment_end__))), error: .text is too large to fit in FLASH memory segment)
                0x0000000008006a44                __dtors_load_start__ = ALIGN (__text_end__, 0x4)

.dtors          0x0000000008006a44        0x0
                0x0000000008006a44                __dtors_start__ = .
 *(SORT(.dtors.*))
 *(.dtors)
 *(.fini_array)
 *(SORT(.fini_array.*))
                0x0000000008006a44                __dtors_end__ = (__dtors_start__ + SIZEOF (.dtors))
                0x0000000000000000                __dtors_size__ = SIZEOF (.dtors)
                0x0000000008006a44                __dtors_load_end__ = __dtors_end__
                0x0000000000000001                . = ASSERT (((__dtors_start__ == __dtors_end__) || ((__dtors_end__ >= __FLASH_segment_start__) && (__dtors_end__ <= __FLASH_segment_end__))), error: .dtors is too large to fit in FLASH memory segment)
                0x0000000008006a44                __ctors_load_start__ = ALIGN (__dtors_end__, 0x4)

.ctors          0x0000000008006a44        0x0
                0x0000000008006a44                __ctors_start__ = .
 *(SORT(.ctors.*))
 *(.ctors)
 *(.init_array)
 *(SORT(.init_array.*))
                0x0000000008006a44                __ctors_end__ = (__ctors_start__ + SIZEOF (.ctors))
                0x0000000000000000                __ctors_size__ = SIZEOF (.ctors)
                0x0000000008006a44                __ctors_load_end__ = __ctors_end__
                0x0000000000000001                . = ASSERT (((__ctors_start__ == __ctors_end__) || ((__ctors_end__ >= __FLASH_segment_start__) && (__ctors_end__ <= __FLASH_segment_end__))), error: .ctors is too large to fit in FLASH memory segment)
                0x0000000008006a44                __rodata_load_start__ = ALIGN (__ctors_end__, 0x4)

.rodata         0x0000000008006a44       0x88
                0x0000000008006a44                __rodata_start__ = .
 *(.rodata .rodata.* .gnu.linkonce.r.*)
 .rodata.child_pipe
                0x0000000008006a44        0x6 SwarmBots THUMB Release/RF24.o
 *fill*         0x0000000008006a4a        0x2 
 .rodata.calibrate
                0x0000000008006a4c       0x38 SwarmBots THUMB Release/position_control.o
 .rodata.AHBPrescTable
                0x0000000008006a84       0x10 SwarmBots THUMB Release/system_stm32f0xx.o
                0x0000000008006a84                AHBPrescTable
 .rodata        0x0000000008006a94       0x20 SwarmBots THUMB Release/stm32f0xx_hal_rcc.o
 .rodata.libc.atanf_a
                0x0000000008006ab4       0x10 C:/Program Files/Rowley Associates Limited/CrossWorks for ARM 4.0/lib/libm_v6m_t_le_eabi.a(libm2.o)
 .rodata.libc.__aeabi_EDOM
                0x0000000008006ac4        0x4 C:/Program Files/Rowley Associates Limited/CrossWorks for ARM 4.0/lib/libc_v6m_t_le_eabi.a(libc2.o)
                0x0000000008006ac4                __aeabi_EDOM
 .rodata.libc.__aeabi_ERANGE
                0x0000000008006ac8        0x4 C:/Program Files/Rowley Associates Limited/CrossWorks for ARM 4.0/lib/libc_v6m_t_le_eabi.a(libc2.o)
                0x0000000008006ac8                __aeabi_ERANGE
                0x0000000008006acc                __rodata_end__ = (__rodata_start__ + SIZEOF (.rodata))
                0x0000000000000088                __rodata_size__ = SIZEOF (.rodata)
                0x0000000008006acc                __rodata_load_end__ = __rodata_end__

.rel.dyn        0x0000000008000000        0x0
 .rel.iplt      0x0000000008000000        0x0 SwarmBots THUMB Release/stm32f0xx_it.o
                0x0000000000000001                . = ASSERT (((__rodata_start__ == __rodata_end__) || ((__rodata_end__ >= __FLASH_segment_start__) && (__rodata_end__ <= __FLASH_segment_end__))), error: .rodata is too large to fit in FLASH memory segment)
                0x0000000008006acc                __ARM.exidx_load_start__ = ALIGN (__rodata_end__, 0x4)

.ARM.exidx      0x0000000008006acc        0x0
                0x0000000008006acc                __ARM.exidx_start__ = .
                0x0000000008006acc                __exidx_start = __ARM.exidx_start__
 *(.ARM.exidx .ARM.exidx.*)
                0x0000000008006acc                __ARM.exidx_end__ = (__ARM.exidx_start__ + SIZEOF (.ARM.exidx))
                0x0000000000000000                __ARM.exidx_size__ = SIZEOF (.ARM.exidx)
                0x0000000008006acc                __exidx_end = __ARM.exidx_end__
                0x0000000008006acc                __ARM.exidx_load_end__ = __ARM.exidx_end__
                0x0000000000000001                . = ASSERT (((__ARM.exidx_start__ == __ARM.exidx_end__) || ((__ARM.exidx_end__ >= __FLASH_segment_start__) && (__ARM.exidx_end__ <= __FLASH_segment_end__))), error: .ARM.exidx is too large to fit in FLASH memory segment)
                0x0000000008006acc                __fast_load_start__ = ALIGN (__ARM.exidx_end__, 0x4)

.fast           0x0000000020000000        0x0 load address 0x0000000008006acc
                0x0000000020000000                __fast_start__ = .
 *(.fast .fast.*)
                0x0000000020000000                __fast_end__ = (__fast_start__ + SIZEOF (.fast))
                0x0000000000000000                __fast_size__ = SIZEOF (.fast)
                0x0000000008006acc                __fast_load_end__ = (__fast_load_start__ + SIZEOF (.fast))
                0x0000000000000001                . = ASSERT (((__fast_load_start__ == __fast_load_end__) || ((__fast_load_end__ >= __FLASH_segment_start__) && (__fast_load_end__ <= __FLASH_segment_end__))), error: .fast is too large to fit in FLASH memory segment)

.fast_run       0x0000000020000000        0x0
                0x0000000020000000                __fast_run_start__ = .
                0x0000000020000000                . = MAX ((__fast_run_start__ + SIZEOF (.fast)), .)
                0x0000000020000000                __fast_run_end__ = (__fast_run_start__ + SIZEOF (.fast_run))
                0x0000000000000000                __fast_run_size__ = SIZEOF (.fast_run)
                0x0000000020000000                __fast_run_load_end__ = __fast_run_end__
                0x0000000000000001                . = ASSERT (((__fast_run_start__ == __fast_run_end__) || ((__fast_run_end__ >= __RAM_segment_start__) && (__fast_run_end__ <= __RAM_segment_end__))), error: .fast_run is too large to fit in RAM memory segment)
                0x0000000008006acc                __data_load_start__ = ALIGN ((__fast_load_start__ + SIZEOF (.fast)), 0x4)

.data           0x0000000020000000       0x34 load address 0x0000000008006acc
                0x0000000020000000                __data_start__ = .
 *(.data .data.* .gnu.linkonce.d.*)
 .data.currentGoal
                0x0000000020000000        0xc SwarmBots THUMB Release/functions.o
                0x0000000020000000                currentGoal
 .data.isPositionControl
                0x000000002000000c        0x1 SwarmBots THUMB Release/functions.o
                0x000000002000000c                isPositionControl
 *fill*         0x000000002000000d        0x3 
 .data.motorValues
                0x0000000020000010        0xc SwarmBots THUMB Release/functions.o
                0x0000000020000010                motorValues
 .data.LSM6DS3_ADDRESS
                0x000000002000001c        0x1 SwarmBots THUMB Release/lsm6ds3.o
                0x000000002000001c                LSM6DS3_ADDRESS
 *fill*         0x000000002000001d        0x3 
 .data.myPipeAddress
                0x0000000020000020        0x8 SwarmBots THUMB Release/radio.o
                0x0000000020000020                myPipeAddress
 .data.CalibrationStatus.7607
                0x0000000020000028        0x4 SwarmBots THUMB Release/position_control.o
 .data.lastCalStatus.7609
                0x000000002000002c        0x4 SwarmBots THUMB Release/position_control.o
 .data.SystemCoreClock
                0x0000000020000030        0x4 SwarmBots THUMB Release/system_stm32f0xx.o
                0x0000000020000030                SystemCoreClock
                0x0000000020000034                __data_end__ = (__data_start__ + SIZEOF (.data))
                0x0000000000000034                __data_size__ = SIZEOF (.data)
                0x0000000008006b00                __data_load_end__ = (__data_load_start__ + SIZEOF (.data))

.igot.plt       0x0000000100000000        0x0
 .igot.plt      0x0000000100000000        0x0 SwarmBots THUMB Release/stm32f0xx_it.o
                0x0000000000000001                . = ASSERT (((__data_load_start__ == __data_load_end__) || ((__data_load_end__ >= __FLASH_segment_start__) && (__data_load_end__ <= __FLASH_segment_end__))), error: .data is too large to fit in FLASH memory segment)

.data_run       0x0000000020000000       0x34 load address 0x0000000008006acc
                0x0000000020000000                __data_run_start__ = .
                0x0000000020000034                . = MAX ((__data_run_start__ + SIZEOF (.data)), .)
 *fill*         0x0000000020000000       0x34 
                0x0000000020000034                __data_run_end__ = (__data_run_start__ + SIZEOF (.data_run))
                0x0000000000000034                __data_run_size__ = SIZEOF (.data_run)
                0x0000000020000034                __data_run_load_end__ = __data_run_end__
                0x0000000000000001                . = ASSERT (((__data_run_start__ == __data_run_end__) || ((__data_run_end__ >= __RAM_segment_start__) && (__data_run_end__ <= __RAM_segment_end__))), error: .data_run is too large to fit in RAM memory segment)
                0x0000000008006b00                __tdata_load_start__ = ALIGN ((__data_load_start__ + SIZEOF (.data)), 0x4)

.tdata          0x0000000020000034        0x0 load address 0x0000000008006b00
                0x0000000020000034                __tdata_start__ = .
 *(.tdata .tdata.*)
                0x0000000020000034                __tdata_end__ = (__tdata_start__ + SIZEOF (.tdata))
                0x0000000000000000                __tdata_size__ = SIZEOF (.tdata)
                0x0000000008006b00                __tdata_load_end__ = (__tdata_load_start__ + SIZEOF (.tdata))
                0x0000000008006b00                __FLASH_segment_used_end__ = (ALIGN ((__data_load_start__ + SIZEOF (.data)), 0x4) + SIZEOF (.tdata))
                0x0000000000006b00                __FLASH_segment_used_size__ = (__FLASH_segment_used_end__ - __FLASH_segment_start__)
                0x0000000000000001                . = ASSERT (((__tdata_load_start__ == __tdata_load_end__) || ((__tdata_load_end__ >= __FLASH_segment_start__) && (__tdata_load_end__ <= __FLASH_segment_end__))), error: .tdata is too large to fit in FLASH memory segment)

.tdata_run      0x0000000020000034        0x0
                0x0000000020000034                __tdata_run_start__ = .
                0x0000000020000034                . = MAX ((__tdata_run_start__ + SIZEOF (.tdata)), .)
                0x0000000020000034                __tdata_run_end__ = (__tdata_run_start__ + SIZEOF (.tdata_run))
                0x0000000000000000                __tdata_run_size__ = SIZEOF (.tdata_run)
                0x0000000020000034                __tdata_run_load_end__ = __tdata_run_end__
                0x0000000000000001                . = ASSERT (((__tdata_run_start__ == __tdata_run_end__) || ((__tdata_run_end__ >= __RAM_segment_start__) && (__tdata_run_end__ <= __RAM_segment_end__))), error: .tdata_run is too large to fit in RAM memory segment)
                0x0000000020000034                __bss_load_start__ = ALIGN (__tdata_run_end__, 0x4)

.bss            0x0000000020000034      0x648
                0x0000000020000034                __bss_start__ = .
 *(.bss .bss.* .gnu.linkonce.b.*)
 *fill*         0x0000000020000034        0x4 
 .bss.microTick
                0x0000000020000038        0x8 SwarmBots THUMB Release/stm32f0xx_it.o
                0x0000000020000038                microTick
 .bss.DmaHandle.6691
                0x0000000020000040       0x44 SwarmBots THUMB Release/stm32f0xx_hal_msp.o
 .bss.hdma_rx   0x0000000020000084       0x44 SwarmBots THUMB Release/stm32f0xx_hal_msp.o
 .bss.hdma_rx.6659
                0x00000000200000c8       0x44 SwarmBots THUMB Release/stm32f0xx_hal_msp.o
 .bss.hdma_tx   0x000000002000010c       0x44 SwarmBots THUMB Release/stm32f0xx_hal_msp.o
 .bss.hdma_tx.6658
                0x0000000020000150       0x44 SwarmBots THUMB Release/stm32f0xx_hal_msp.o
 .bss.I2cHandle
                0x0000000020000194       0x4c SwarmBots THUMB Release/utilities.o
                0x0000000020000194                I2cHandle
 .bss.SpiHandle
                0x00000000200001e0       0x64 SwarmBots THUMB Release/utilities.o
                0x00000000200001e0                SpiHandle
 .bss.microTimHandle
                0x0000000020000244       0x40 SwarmBots THUMB Release/utilities.o
                0x0000000020000244                microTimHandle
 .bss.QTBuffer  0x0000000020000284       0x16 SwarmBots THUMB Release/qt1070.o
                0x0000000020000284                QTBuffer
 .bss.atDestCounter
                0x000000002000029a        0x1 SwarmBots THUMB Release/functions.o
                0x000000002000029a                atDestCounter
 .bss.atDestination
                0x000000002000029b        0x1 SwarmBots THUMB Release/functions.o
                0x000000002000029b                atDestination
 .bss.chargingStatus
                0x000000002000029c        0x1 SwarmBots THUMB Release/functions.o
                0x000000002000029c                chargingStatus
 .bss.currentTouch
                0x000000002000029d        0x1 SwarmBots THUMB Release/functions.o
                0x000000002000029d                currentTouch
 .bss.radioEvent
                0x000000002000029e        0x1 SwarmBots THUMB Release/functions.o
                0x000000002000029e                radioEvent
 .bss.reached   0x000000002000029f        0x1 SwarmBots THUMB Release/functions.o
                0x000000002000029f                reached
 .bss.touchChanged
                0x00000000200002a0        0x1 SwarmBots THUMB Release/functions.o
                0x00000000200002a0                touchChanged
 *fill*         0x00000000200002a1        0x3 
 .bss.IMUBuffer
                0x00000000200002a4       0x16 SwarmBots THUMB Release/lsm6ds3.o
                0x00000000200002a4                IMUBuffer
 .bss.currentFSG
                0x00000000200002ba        0x1 SwarmBots THUMB Release/lsm6ds3.o
                0x00000000200002ba                currentFSG
 .bss.currentFSXL
                0x00000000200002bb        0x1 SwarmBots THUMB Release/lsm6ds3.o
                0x00000000200002bb                currentFSXL
 .bss.gyroOffsets
                0x00000000200002bc        0x6 SwarmBots THUMB Release/lsm6ds3.o
                0x00000000200002bc                gyroOffsets
 .bss.ack_payload_available
                0x00000000200002c2        0x1 SwarmBots THUMB Release/RF24.o
                0x00000000200002c2                ack_payload_available
 .bss.dynamic_payloads_enabled
                0x00000000200002c3        0x1 SwarmBots THUMB Release/RF24.o
                0x00000000200002c3                dynamic_payloads_enabled
 .bss.isListening
                0x00000000200002c4        0x1 SwarmBots THUMB Release/RF24.o
                0x00000000200002c4                isListening
 .bss.p_variant
                0x00000000200002c5        0x1 SwarmBots THUMB Release/RF24.o
                0x00000000200002c5                p_variant
 .bss.payload_size
                0x00000000200002c6        0x1 SwarmBots THUMB Release/RF24.o
                0x00000000200002c6                payload_size
 *fill*         0x00000000200002c7        0x1 
 .bss.pipe0_reading_address
                0x00000000200002c8        0x8 SwarmBots THUMB Release/RF24.o
                0x00000000200002c8                pipe0_reading_address
 .bss.wide_band
                0x00000000200002d0        0x1 SwarmBots THUMB Release/RF24.o
                0x00000000200002d0                wide_band
 *fill*         0x00000000200002d1        0x3 
 .bss.currentBlue
                0x00000000200002d4        0x4 SwarmBots THUMB Release/led.o
                0x00000000200002d4                currentBlue
 .bss.currentGreen
                0x00000000200002d8        0x4 SwarmBots THUMB Release/led.o
                0x00000000200002d8                currentGreen
 .bss.currentRed
                0x00000000200002dc        0x4 SwarmBots THUMB Release/led.o
                0x00000000200002dc                currentRed
 .bss.isRGBInitialized
                0x00000000200002e0        0x1 SwarmBots THUMB Release/led.o
                0x00000000200002e0                isRGBInitialized
 *fill*         0x00000000200002e1        0x3 
 .bss.rgbTimHandle
                0x00000000200002e4       0x40 SwarmBots THUMB Release/led.o
                0x00000000200002e4                rgbTimHandle
 .bss.sRgbConfig
                0x0000000020000324       0x1c SwarmBots THUMB Release/led.o
                0x0000000020000324                sRgbConfig
 .bss.isMotorsInitialized
                0x0000000020000340        0x1 SwarmBots THUMB Release/motors.o
                0x0000000020000340                isMotorsInitialized
 *fill*         0x0000000020000341        0x3 
 .bss.motorsTimHandle
                0x0000000020000344       0x40 SwarmBots THUMB Release/motors.o
                0x0000000020000344                motorsTimHandle
 .bss.sMotorsConfig
                0x0000000020000384       0x1c SwarmBots THUMB Release/motors.o
                0x0000000020000384                sMotorsConfig
 .bss.communicationWatchdog
                0x00000000200003a0        0x4 SwarmBots THUMB Release/radio.o
                0x00000000200003a0                communicationWatchdog
 .bss.isRadioInitialized
                0x00000000200003a4        0x1 SwarmBots THUMB Release/radio.o
                0x00000000200003a4                isRadioInitialized
 .bss.myId      0x00000000200003a5        0x1 SwarmBots THUMB Release/radio.o
                0x00000000200003a5                myId
 *fill*         0x00000000200003a6        0x2 
 .bss.AdcHandle
                0x00000000200003a8       0x4c SwarmBots THUMB Release/sensors.o
                0x00000000200003a8                AdcHandle
 .bss.batteryLevel
                0x00000000200003f4        0x4 SwarmBots THUMB Release/sensors.o
                0x00000000200003f4                batteryLevel
 .bss.batteryLevelReady
                0x00000000200003f8        0x1 SwarmBots THUMB Release/sensors.o
                0x00000000200003f8                batteryLevelReady
 .bss.blinded   0x00000000200003f9        0x1 SwarmBots THUMB Release/sensors.o
                0x00000000200003f9                blinded
 *fill*         0x00000000200003fa        0x2 
 .bss.firstBitEver
                0x00000000200003fc        0x2 SwarmBots THUMB Release/sensors.o
                0x00000000200003fc                firstBitEver
 .bss.isPhotoDiodesInitialized
                0x00000000200003fe        0x1 SwarmBots THUMB Release/sensors.o
                0x00000000200003fe                isPhotoDiodesInitialized
 .bss.isSensorsInitialized
                0x00000000200003ff        0x1 SwarmBots THUMB Release/sensors.o
                0x00000000200003ff                isSensorsInitialized
 .bss.lastPositionTimestamp.7624
                0x0000000020000400        0x4 SwarmBots THUMB Release/sensors.o
 .bss.photoDiodesPositions
                0x0000000020000404        0x8 SwarmBots THUMB Release/sensors.o
                0x0000000020000404                photoDiodesPositions
 .bss.positionBitBuffer
                0x000000002000040c      0x206 SwarmBots THUMB Release/sensors.o
                0x000000002000040c                positionBitBuffer
 *fill*         0x0000000020000612        0x6 
 .bss.previousTime.7594
                0x0000000020000618       0x10 SwarmBots THUMB Release/sensors.o
 .bss.quaternion
                0x0000000020000628       0x10 SwarmBots THUMB Release/sensors.o
                0x0000000020000628                quaternion
 .bss.readyToUpdate0
                0x0000000020000638        0x1 SwarmBots THUMB Release/sensors.o
                0x0000000020000638                readyToUpdate0
 .bss.readyToUpdate1
                0x0000000020000639        0x1 SwarmBots THUMB Release/sensors.o
                0x0000000020000639                readyToUpdate1
 *fill*         0x000000002000063a        0x2 
 .bss.robotOrientation
                0x000000002000063c        0x4 SwarmBots THUMB Release/sensors.o
                0x000000002000063c                robotOrientation
 .bss.robotPosition
                0x0000000020000640        0x4 SwarmBots THUMB Release/sensors.o
                0x0000000020000640                robotPosition
 .bss.TimerTime.7610
                0x0000000020000644        0x4 SwarmBots THUMB Release/position_control.o
 .bss.alignCounter.7654
                0x0000000020000648        0x4 SwarmBots THUMB Release/position_control.o
 .bss.aligned.7614
                0x000000002000064c        0x1 SwarmBots THUMB Release/position_control.o
 .bss.aligned1.7677
                0x000000002000064d        0x1 SwarmBots THUMB Release/position_control.o
 .bss.aligned2.7678
                0x000000002000064e        0x1 SwarmBots THUMB Release/position_control.o
 *fill*         0x000000002000064f        0x1 
 .bss.angleDesired.7608
                0x0000000020000650        0x4 SwarmBots THUMB Release/position_control.o
 .bss.finalangle.7616
                0x0000000020000654        0x4 SwarmBots THUMB Release/position_control.o
 .bss.iTerm.7649
                0x0000000020000658        0x4 SwarmBots THUMB Release/position_control.o
 .bss.inLoop.7619
                0x000000002000065c        0x1 SwarmBots THUMB Release/position_control.o
 *fill*         0x000000002000065d        0x3 
 .bss.initialPos2.7621
                0x0000000020000660        0x4 SwarmBots THUMB Release/position_control.o
 .bss.initialangle.7615
                0x0000000020000664        0x4 SwarmBots THUMB Release/position_control.o
 .bss.justStarted.7685
                0x0000000020000668        0x1 SwarmBots THUMB Release/position_control.o
 *fill*         0x0000000020000669        0x3 
 .bss.lastAngleDiff.7653
                0x000000002000066c        0x4 SwarmBots THUMB Release/position_control.o
 .bss.lastTime.7737
                0x0000000020000670        0x4 SwarmBots THUMB Release/position_control.o
 .bss.reached.7613
                0x0000000020000674        0x1 SwarmBots THUMB Release/position_control.o
 .bss.velocity.7688
                0x0000000020000675        0x1 SwarmBots THUMB Release/position_control.o
 *fill*         0x0000000020000676        0x2 
 .bss.uwTick    0x0000000020000678        0x4 SwarmBots THUMB Release/stm32f0xx_hal.o
                0x0000000020000678                uwTick
 *(COMMON)
                0x000000002000067c                __bss_end__ = (__bss_start__ + SIZEOF (.bss))
                0x0000000000000648                __bss_size__ = SIZEOF (.bss)
                0x000000002000067c                __bss_load_end__ = __bss_end__
                0x0000000000000001                . = ASSERT (((__bss_start__ == __bss_end__) || ((__bss_end__ >= __RAM_segment_start__) && (__bss_end__ <= __RAM_segment_end__))), error: .bss is too large to fit in RAM memory segment)
                0x000000002000067c                __tbss_load_start__ = ALIGN (__bss_end__, 0x4)

.tbss           0x000000002000067c        0x4
                0x000000002000067c                __tbss_start__ = .
 *(.tbss .tbss.*)
 .tbss.errno_val
                0x000000002000067c        0x4 C:/Program Files/Rowley Associates Limited/CrossWorks for ARM 4.0/lib/libc_v6m_t_le_eabi.a(libc2.o)
                0x0000000020000680                __tbss_end__ = (__tbss_start__ + SIZEOF (.tbss))
                0x0000000000000004                __tbss_size__ = SIZEOF (.tbss)
                0x0000000020000680                __tbss_load_end__ = __tbss_end__
                0x0000000000000001                . = ASSERT (((__tbss_start__ == __tbss_end__) || ((__tbss_end__ >= __RAM_segment_start__) && (__tbss_end__ <= __RAM_segment_end__))), error: .tbss is too large to fit in RAM memory segment)
                0x0000000020000680                __non_init_load_start__ = ALIGN (__tbss_end__, 0x4)

.non_init       0x0000000020000680        0x0
                0x0000000020000680                __non_init_start__ = .
 *(.non_init .non_init.*)
                0x0000000020000680                __non_init_end__ = (__non_init_start__ + SIZEOF (.non_init))
                0x0000000000000000                __non_init_size__ = SIZEOF (.non_init)
                0x0000000020000680                __non_init_load_end__ = __non_init_end__
                0x0000000000000001                . = ASSERT (((__non_init_start__ == __non_init_end__) || ((__non_init_end__ >= __RAM_segment_start__) && (__non_init_end__ <= __RAM_segment_end__))), error: .non_init is too large to fit in RAM memory segment)
                0x0000000020000680                __heap_load_start__ = ALIGN (__non_init_end__, 0x4)

.heap           0x0000000020000680      0x200
                0x0000000020000680                __heap_start__ = .
 *(.heap .heap.*)
                0x0000000020000880                . = ALIGN (MAX ((__heap_start__ + __HEAPSIZE__), .), 0x4)
 *fill*         0x0000000020000680      0x200 
                0x0000000020000880                __heap_end__ = (__heap_start__ + SIZEOF (.heap))
                0x0000000000000200                __heap_size__ = SIZEOF (.heap)
                0x0000000020000880                __heap_load_end__ = __heap_end__
                0x0000000000000001                . = ASSERT (((__heap_start__ == __heap_end__) || ((__heap_end__ >= __RAM_segment_start__) && (__heap_end__ <= __RAM_segment_end__))), error: .heap is too large to fit in RAM memory segment)
                0x0000000020000880                __stack_load_start__ = ALIGN (__heap_end__, 0x8)

.stack          0x0000000020000880      0x400
                0x0000000020000880                __stack_start__ = .
 *(.stack .stack.*)
                0x0000000020000c80                . = ALIGN (MAX ((__stack_start__ + __STACKSIZE__), .), 0x8)
 *fill*         0x0000000020000880      0x400 
                0x0000000020000c80                __stack_end__ = (__stack_start__ + SIZEOF (.stack))
                0x0000000000000400                __stack_size__ = SIZEOF (.stack)
                0x0000000020000c80                __stack_load_end__ = __stack_end__
                0x0000000000000001                . = ASSERT (((__stack_start__ == __stack_end__) || ((__stack_end__ >= __RAM_segment_start__) && (__stack_end__ <= __RAM_segment_end__))), error: .stack is too large to fit in RAM memory segment)
                0x0000000020000c80                __stack_process_load_start__ = ALIGN (__stack_end__, 0x8)

.stack_process  0x0000000020000c80        0x0
                0x0000000020000c80                __stack_process_start__ = .
 *(.stack_process .stack_process.*)
                0x0000000020000c80                . = ALIGN (MAX ((__stack_process_start__ + __STACKSIZE_PROCESS__), .), 0x8)
                0x0000000020000c80                __stack_process_end__ = (__stack_process_start__ + SIZEOF (.stack_process))
                0x0000000000000000                __stack_process_size__ = SIZEOF (.stack_process)
                0x0000000020000c80                __stack_process_load_end__ = __stack_process_end__
                0x0000000020000c80                __RAM_segment_used_end__ = (ALIGN (__stack_end__, 0x8) + SIZEOF (.stack_process))
                0x0000000000000c80                __RAM_segment_used_size__ = (__RAM_segment_used_end__ - __RAM_segment_start__)
                0x0000000000000001                . = ASSERT (((__stack_process_start__ == __stack_process_end__) || ((__stack_process_end__ >= __RAM_segment_start__) && (__stack_process_end__ <= __RAM_segment_end__))), error: .stack_process is too large to fit in RAM memory segment)
START GROUP
LOAD SwarmBots THUMB Release/stm32f0xx_it.o
LOAD SwarmBots THUMB Release/main.o
LOAD SwarmBots THUMB Release/stm32f0xx_hal_msp.o
LOAD SwarmBots THUMB Release/utilities.o
LOAD SwarmBots THUMB Release/qt1070.o
LOAD SwarmBots THUMB Release/functions.o
LOAD SwarmBots THUMB Release/lsm6ds3.o
LOAD SwarmBots THUMB Release/RF24.o
LOAD SwarmBots THUMB Release/stm32f0xx_lp_modes.o
LOAD SwarmBots THUMB Release/MadgwickAHRS.o
LOAD SwarmBots THUMB Release/RingBuffer.o
LOAD SwarmBots THUMB Release/colors.o
LOAD SwarmBots THUMB Release/led.o
LOAD SwarmBots THUMB Release/motors.o
LOAD SwarmBots THUMB Release/radio.o
LOAD SwarmBots THUMB Release/sensors.o
LOAD SwarmBots THUMB Release/position_control.o
LOAD SwarmBots THUMB Release/system_stm32f0xx.o
LOAD SwarmBots THUMB Release/stm32f0xx_hal.o
LOAD SwarmBots THUMB Release/stm32f0xx_hal_adc.o
LOAD SwarmBots THUMB Release/stm32f0xx_hal_adc_ex.o
LOAD SwarmBots THUMB Release/stm32f0xx_hal_can.o
LOAD SwarmBots THUMB Release/stm32f0xx_hal_cec.o
LOAD SwarmBots THUMB Release/stm32f0xx_hal_comp.o
LOAD SwarmBots THUMB Release/stm32f0xx_hal_cortex.o
LOAD SwarmBots THUMB Release/stm32f0xx_hal_crc.o
LOAD SwarmBots THUMB Release/stm32f0xx_hal_crc_ex.o
LOAD SwarmBots THUMB Release/stm32f0xx_hal_dac.o
LOAD SwarmBots THUMB Release/stm32f0xx_hal_dac_ex.o
LOAD SwarmBots THUMB Release/stm32f0xx_hal_dma.o
LOAD SwarmBots THUMB Release/stm32f0xx_hal_flash.o
LOAD SwarmBots THUMB Release/stm32f0xx_hal_flash_ex.o
LOAD SwarmBots THUMB Release/stm32f0xx_hal_gpio.o
LOAD SwarmBots THUMB Release/stm32f0xx_hal_i2c.o
LOAD SwarmBots THUMB Release/stm32f0xx_hal_i2c_ex.o
LOAD SwarmBots THUMB Release/stm32f0xx_hal_i2s.o
LOAD SwarmBots THUMB Release/stm32f0xx_hal_irda.o
LOAD SwarmBots THUMB Release/stm32f0xx_hal_iwdg.o
LOAD SwarmBots THUMB Release/stm32f0xx_hal_pcd.o
LOAD SwarmBots THUMB Release/stm32f0xx_hal_pcd_ex.o
LOAD SwarmBots THUMB Release/stm32f0xx_hal_pwr.o
LOAD SwarmBots THUMB Release/stm32f0xx_hal_pwr_ex.o
LOAD SwarmBots THUMB Release/stm32f0xx_hal_rcc.o
LOAD SwarmBots THUMB Release/stm32f0xx_hal_rcc_ex.o
LOAD SwarmBots THUMB Release/stm32f0xx_hal_rtc.o
LOAD SwarmBots THUMB Release/stm32f0xx_hal_rtc_ex.o
LOAD SwarmBots THUMB Release/stm32f0xx_hal_smartcard.o
LOAD SwarmBots THUMB Release/stm32f0xx_hal_smartcard_ex.o
LOAD SwarmBots THUMB Release/stm32f0xx_hal_smbus.o
LOAD SwarmBots THUMB Release/stm32f0xx_hal_spi.o
LOAD SwarmBots THUMB Release/stm32f0xx_hal_spi_ex.o
LOAD SwarmBots THUMB Release/stm32f0xx_hal_tim.o
LOAD SwarmBots THUMB Release/stm32f0xx_hal_tim_ex.o
LOAD SwarmBots THUMB Release/stm32f0xx_hal_tsc.o
LOAD SwarmBots THUMB Release/stm32f0xx_hal_uart.o
LOAD SwarmBots THUMB Release/stm32f0xx_hal_uart_ex.o
LOAD SwarmBots THUMB Release/stm32f0xx_hal_usart.o
LOAD SwarmBots THUMB Release/stm32f0xx_hal_wwdg.o
LOAD SwarmBots THUMB Release/thumb_crt0.o
LOAD SwarmBots THUMB Release/STM32_Startup.o
LOAD C:/Program Files/Rowley Associates Limited/CrossWorks for ARM 4.0/lib/libdebugio_mempoll_v6m_t_le_eabi.a
LOAD C:/Program Files/Rowley Associates Limited/CrossWorks for ARM 4.0/lib/libm_v6m_t_le_eabi.a
LOAD C:/Program Files/Rowley Associates Limited/CrossWorks for ARM 4.0/lib/libc_v6m_t_le_eabi.a
LOAD C:/Program Files/Rowley Associates Limited/CrossWorks for ARM 4.0/lib/libcpp_v6m_t_le_eabi.a
LOAD C:/Program Files/Rowley Associates Limited/CrossWorks for ARM 4.0/lib/libdebugio_v6m_t_le_eabi.a
LOAD C:/Program Files/Rowley Associates Limited/CrossWorks for ARM 4.0/lib/libvfprintf_v6m_t_le_eabi.o
LOAD C:/Program Files/Rowley Associates Limited/CrossWorks for ARM 4.0/lib/libvfscanf_v6m_t_le_eabi.o
END GROUP
OUTPUT(SwarmBots THUMB Release/SwarmBots.elf elf32-littlearm)

.debug_frame    0x0000000000000000     0x4620
 .debug_frame   0x0000000000000000      0x144 SwarmBots THUMB Release/stm32f0xx_it.o
 .debug_frame   0x0000000000000144       0x2c SwarmBots THUMB Release/main.o
 .debug_frame   0x0000000000000170       0xec SwarmBots THUMB Release/stm32f0xx_hal_msp.o
 .debug_frame   0x000000000000025c      0x2c0 SwarmBots THUMB Release/utilities.o
 .debug_frame   0x000000000000051c       0xf0 SwarmBots THUMB Release/qt1070.o
 .debug_frame   0x000000000000060c      0x134 SwarmBots THUMB Release/functions.o
 .debug_frame   0x0000000000000740      0x37c SwarmBots THUMB Release/lsm6ds3.o
 .debug_frame   0x0000000000000abc      0x5e0 SwarmBots THUMB Release/RF24.o
 .debug_frame   0x000000000000109c       0xc8 SwarmBots THUMB Release/RingBuffer.o
 .debug_frame   0x0000000000001164      0x1a0 SwarmBots THUMB Release/led.o
 .debug_frame   0x0000000000001304       0x50 SwarmBots THUMB Release/motors.o
 .debug_frame   0x0000000000001354       0xfc SwarmBots THUMB Release/radio.o
 .debug_frame   0x0000000000001450      0x18c SwarmBots THUMB Release/sensors.o
 .debug_frame   0x00000000000015dc      0x1b8 SwarmBots THUMB Release/position_control.o
 .debug_frame   0x0000000000001794       0x3c SwarmBots THUMB Release/system_stm32f0xx.o
 .debug_frame   0x00000000000017d0      0x188 SwarmBots THUMB Release/stm32f0xx_hal.o
 .debug_frame   0x0000000000001958      0x2f4 SwarmBots THUMB Release/stm32f0xx_hal_adc.o
 .debug_frame   0x0000000000001c4c       0x30 SwarmBots THUMB Release/stm32f0xx_hal_adc_ex.o
 .debug_frame   0x0000000000001c7c       0xec SwarmBots THUMB Release/stm32f0xx_hal_cortex.o
 .debug_frame   0x0000000000001d68      0x15c SwarmBots THUMB Release/stm32f0xx_hal_dma.o
 .debug_frame   0x0000000000001ec4       0xf4 SwarmBots THUMB Release/stm32f0xx_hal_gpio.o
 .debug_frame   0x0000000000001fb8      0x8cc SwarmBots THUMB Release/stm32f0xx_hal_i2c.o
 .debug_frame   0x0000000000002884      0x164 SwarmBots THUMB Release/stm32f0xx_hal_rcc.o
 .debug_frame   0x00000000000029e8      0x68c SwarmBots THUMB Release/stm32f0xx_hal_spi.o
 .debug_frame   0x0000000000003074      0xa70 SwarmBots THUMB Release/stm32f0xx_hal_tim.o
 .debug_frame   0x0000000000003ae4      0x424 SwarmBots THUMB Release/stm32f0xx_hal_tim_ex.o
 .debug_frame   0x0000000000003f08      0x478 C:/Program Files/Rowley Associates Limited/CrossWorks for ARM 4.0/lib/libm_v6m_t_le_eabi.a(libm_asm.o)
 .debug_frame   0x0000000000004380       0x70 C:/Program Files/Rowley Associates Limited/CrossWorks for ARM 4.0/lib/libm_v6m_t_le_eabi.a(libm2_asm.o)
 .debug_frame   0x00000000000043f0      0x190 C:/Program Files/Rowley Associates Limited/CrossWorks for ARM 4.0/lib/libc_v6m_t_le_eabi.a(libc_asm.o)
 .debug_frame   0x0000000000004580       0xa0 C:/Program Files/Rowley Associates Limited/CrossWorks for ARM 4.0/lib/libc_v6m_t_le_eabi.a(libc2_asm.o)

.debug_info     0x0000000000000000     0x3128
 .debug_info    0x0000000000000000       0xea SwarmBots THUMB Release/stm32f0xx_it.o
 .debug_info    0x00000000000000ea       0x2f SwarmBots THUMB Release/main.o
 .debug_info    0x0000000000000119       0x87 SwarmBots THUMB Release/stm32f0xx_hal_msp.o
 .debug_info    0x00000000000001a0      0x21e SwarmBots THUMB Release/utilities.o
 .debug_info    0x00000000000003be       0xa6 SwarmBots THUMB Release/qt1070.o
 .debug_info    0x0000000000000464       0xba SwarmBots THUMB Release/functions.o
 .debug_info    0x000000000000051e      0x20b SwarmBots THUMB Release/lsm6ds3.o
 .debug_info    0x0000000000000729      0x463 SwarmBots THUMB Release/RF24.o
 .debug_info    0x0000000000000b8c       0xf6 SwarmBots THUMB Release/RingBuffer.o
 .debug_info    0x0000000000000c82      0x125 SwarmBots THUMB Release/led.o
 .debug_info    0x0000000000000da7       0x51 SwarmBots THUMB Release/motors.o
 .debug_info    0x0000000000000df8      0x146 SwarmBots THUMB Release/radio.o
 .debug_info    0x0000000000000f3e      0x141 SwarmBots THUMB Release/sensors.o
 .debug_info    0x000000000000107f       0xff SwarmBots THUMB Release/position_control.o
 .debug_info    0x000000000000117e       0x41 SwarmBots THUMB Release/system_stm32f0xx.o
 .debug_info    0x00000000000011bf      0x181 SwarmBots THUMB Release/stm32f0xx_hal.o
 .debug_info    0x0000000000001340      0x216 SwarmBots THUMB Release/stm32f0xx_hal_adc.o
 .debug_info    0x0000000000001556       0x2f SwarmBots THUMB Release/stm32f0xx_hal_adc_ex.o
 .debug_info    0x0000000000001585      0x232 SwarmBots THUMB Release/stm32f0xx_hal_cortex.o
 .debug_info    0x00000000000017b7      0x154 SwarmBots THUMB Release/stm32f0xx_hal_dma.o
 .debug_info    0x000000000000190b       0xad SwarmBots THUMB Release/stm32f0xx_hal_gpio.o
 .debug_info    0x00000000000019b8      0x54c SwarmBots THUMB Release/stm32f0xx_hal_i2c.o
 .debug_info    0x0000000000001f04      0x10d SwarmBots THUMB Release/stm32f0xx_hal_rcc.o
 .debug_info    0x0000000000002011      0x40e SwarmBots THUMB Release/stm32f0xx_hal_spi.o
 .debug_info    0x000000000000241f      0x892 SwarmBots THUMB Release/stm32f0xx_hal_tim.o
 .debug_info    0x0000000000002cb1      0x2c8 SwarmBots THUMB Release/stm32f0xx_hal_tim_ex.o
 .debug_info    0x0000000000002f79       0xc7 SwarmBots THUMB Release/thumb_crt0.o
 .debug_info    0x0000000000003040       0xe8 SwarmBots THUMB Release/STM32_Startup.o

.debug_abbrev   0x0000000000000000      0xb42
 .debug_abbrev  0x0000000000000000       0x3c SwarmBots THUMB Release/stm32f0xx_it.o
 .debug_abbrev  0x000000000000003c       0x26 SwarmBots THUMB Release/main.o
 .debug_abbrev  0x0000000000000062       0x3c SwarmBots THUMB Release/stm32f0xx_hal_msp.o
 .debug_abbrev  0x000000000000009e       0xf3 SwarmBots THUMB Release/utilities.o
 .debug_abbrev  0x0000000000000191       0x3c SwarmBots THUMB Release/qt1070.o
 .debug_abbrev  0x00000000000001cd       0x3c SwarmBots THUMB Release/functions.o
 .debug_abbrev  0x0000000000000209       0x82 SwarmBots THUMB Release/lsm6ds3.o
 .debug_abbrev  0x000000000000028b       0xd5 SwarmBots THUMB Release/RF24.o
 .debug_abbrev  0x0000000000000360       0x82 SwarmBots THUMB Release/RingBuffer.o
 .debug_abbrev  0x00000000000003e2       0x52 SwarmBots THUMB Release/led.o
 .debug_abbrev  0x0000000000000434       0x3c SwarmBots THUMB Release/motors.o
 .debug_abbrev  0x0000000000000470       0x92 SwarmBots THUMB Release/radio.o
 .debug_abbrev  0x0000000000000502       0x86 SwarmBots THUMB Release/sensors.o
 .debug_abbrev  0x0000000000000588       0x45 SwarmBots THUMB Release/position_control.o
 .debug_abbrev  0x00000000000005cd       0x3c SwarmBots THUMB Release/system_stm32f0xx.o
 .debug_abbrev  0x0000000000000609       0x68 SwarmBots THUMB Release/stm32f0xx_hal.o
 .debug_abbrev  0x0000000000000671       0x50 SwarmBots THUMB Release/stm32f0xx_hal_adc.o